[themesflat.co/html/ecomus/home-skincare.html]
[backblue.gif]
[fade.gif]
[index.html]
[themesflat.co/html/ecomus/images/logo/favicon.png]
[themesflat.co/html/ecomus/index.html]
[themesflat.co/html/ecomus/images/logo/logo-white@2x.png]
[themesflat.co/html/ecomus/images/demo/home-01.jpg]
[themesflat.co/html/ecomus/home-multi-brand.html]
[themesflat.co/html/ecomus/images/demo/home-multi-brand.jpg]
[themesflat.co/html/ecomus/home-02.html]
[themesflat.co/html/ecomus/images/demo/home-02.jpg]
[themesflat.co/html/ecomus/home-03.html]
[themesflat.co/html/ecomus/images/demo/home-03.jpg]
[themesflat.co/html/ecomus/home-04.html]
[themesflat.co/html/ecomus/images/demo/home-04.jpg]
[themesflat.co/html/ecomus/home-05.html]
[themesflat.co/html/ecomus/images/demo/home-05.jpg]
[themesflat.co/html/ecomus/home-06.html]
[themesflat.co/html/ecomus/images/demo/home-06.jpg]
[themesflat.co/html/ecomus/home-07.html]
[themesflat.co/html/ecomus/images/demo/home-07.jpg]
[themesflat.co/html/ecomus/home-08.html]
[themesflat.co/html/ecomus/images/demo/home-08.jpg]
[themesflat.co/html/ecomus/images/demo/home-skincare.jpg]
[themesflat.co/html/ecomus/home-headphone.html]
[themesflat.co/html/ecomus/images/demo/home-headphone.jpg]
[themesflat.co/html/ecomus/images/demo/home-giftcard.jpg]
[themesflat.co/html/ecomus/home-giftcard.html]
[themesflat.co/html/ecomus/shop-default.html]
[themesflat.co/html/ecomus/shop-left-sidebar.html]
[themesflat.co/html/ecomus/shop-right-sidebar.html]
[themesflat.co/html/ecomus/shop-fullwidth.html]
[themesflat.co/html/ecomus/shop-collection-sub.html]
[themesflat.co/html/ecomus/shop-collection-list.html]
[themesflat.co/html/ecomus/shop-link.html]
[themesflat.co/html/ecomus/shop-loadmore.html]
[themesflat.co/html/ecomus/shop-infinite-scrolling.html]
[themesflat.co/html/ecomus/shop-filter-sidebar.html]
[themesflat.co/html/ecomus/shop-filter-hidden.html]
[themesflat.co/html/ecomus/product-style-list.html]
[themesflat.co/html/ecomus/product-style-01.html]
[themesflat.co/html/ecomus/product-style-02.html]
[themesflat.co/html/ecomus/product-style-03.html]
[themesflat.co/html/ecomus/product-style-04.html]
[themesflat.co/html/ecomus/product-style-05.html]
[themesflat.co/html/ecomus/product-style-06.html]
[themesflat.co/html/ecomus/product-style-07.html]
[themesflat.co/html/ecomus/shop-men.html]
[themesflat.co/html/ecomus/images/collections/collection-1.jpg]
[themesflat.co/html/ecomus/images/collections/collection-2.jpg]
[themesflat.co/html/ecomus/shop-women.html]
[themesflat.co/html/ecomus/product-detail.html]
[themesflat.co/html/ecomus/product-grid-1.html]
[themesflat.co/html/ecomus/product-grid-2.html]
[themesflat.co/html/ecomus/product-stacked.html]
[themesflat.co/html/ecomus/product-right-thumbnails.html]
[themesflat.co/html/ecomus/product-bottom-thumbnails.html]
[themesflat.co/html/ecomus/product-drawer-sidebar.html]
[themesflat.co/html/ecomus/product-description-accordion.html]
[themesflat.co/html/ecomus/product-description-list.html]
[themesflat.co/html/ecomus/product-description-vertical.html]
[themesflat.co/html/ecomus/product-inner-zoom.html]
[themesflat.co/html/ecomus/product-zoom-magnifier.html]
[themesflat.co/html/ecomus/product-no-zoom.html]
[themesflat.co/html/ecomus/product-photoswipe-popup.html]
[themesflat.co/html/ecomus/product-zoom-popup.html]
[themesflat.co/html/ecomus/product-video.html]
[themesflat.co/html/ecomus/product-3d.html]
[themesflat.co/html/ecomus/product-options-customizer.html]
[themesflat.co/html/ecomus/product-advanced-types.html]
[themesflat.co/html/ecomus/product-giftcard.html]
[themesflat.co/html/ecomus/product-color-swatch.html]
[themesflat.co/html/ecomus/product-rectangle.html]
[themesflat.co/html/ecomus/product-rectangle-color.html]
[themesflat.co/html/ecomus/product-swatch-image.html]
[themesflat.co/html/ecomus/product-swatch-image-rounded.html]
[themesflat.co/html/ecomus/product-swatch-dropdown.html]
[themesflat.co/html/ecomus/product-swatch-dropdown-color.html]
[themesflat.co/html/ecomus/product-frequently-bought-together.html]
[themesflat.co/html/ecomus/product-frequently-bought-together-2.html]
[themesflat.co/html/ecomus/product-upsell-features.html]
[themesflat.co/html/ecomus/product-pre-orders.html]
[themesflat.co/html/ecomus/product-notification.html]
[themesflat.co/html/ecomus/product-pickup.html]
[themesflat.co/html/ecomus/product-images-grouped.html]
[themesflat.co/html/ecomus/product-complimentary.html]
[themesflat.co/html/ecomus/product-quick-order-list.html]
[themesflat.co/html/ecomus/images/products/orange-1.jpg]
[themesflat.co/html/ecomus/images/products/white-1.jpg]
[themesflat.co/html/ecomus/images/products/black-1.jpg]
[themesflat.co/html/ecomus/images/products/white-3.jpg]
[themesflat.co/html/ecomus/images/products/white-4.jpg]
[themesflat.co/html/ecomus/images/products/white-2.jpg]
[themesflat.co/html/ecomus/images/products/pink-1.jpg]
[themesflat.co/html/ecomus/images/products/black-2.jpg]
[themesflat.co/html/ecomus/images/products/brown-2.jpg]
[themesflat.co/html/ecomus/images/products/brown-3.jpg]
[themesflat.co/html/ecomus/images/products/white-5.jpg]
[themesflat.co/html/ecomus/about-us.html]
[themesflat.co/html/ecomus/brands.html]
[themesflat.co/html/ecomus/brands-v2.html]
[themesflat.co/html/ecomus/contact-1.html]
[themesflat.co/html/ecomus/contact-2.html]
[themesflat.co/html/ecomus/faq-1.html]
[themesflat.co/html/ecomus/faq-2.html]
[themesflat.co/html/ecomus/our-store.html]
[themesflat.co/html/ecomus/store-locations.html]
[themesflat.co/html/ecomus/timeline.html]
[themesflat.co/html/ecomus/view-cart.html]
[themesflat.co/html/ecomus/checkout.html]
[themesflat.co/html/ecomus/payment-confirmation.html]
[themesflat.co/html/ecomus/payment-failure.html]
[themesflat.co/html/ecomus/my-account.html]
[themesflat.co/html/ecomus/my-account-orders.html]
[themesflat.co/html/ecomus/my-account-orders-details.html]
[themesflat.co/html/ecomus/my-account-address.html]
[themesflat.co/html/ecomus/my-account-edit.html]
[themesflat.co/html/ecomus/my-account-wishlist.html]
[themesflat.co/html/ecomus/invoice.html]
[themesflat.co/html/ecomus/404.html]
[themesflat.co/html/ecomus/blog-grid.html]
[themesflat.co/html/ecomus/blog-sidebar-left.html]
[themesflat.co/html/ecomus/blog-sidebar-right.html]
[themesflat.co/html/ecomus/blog-list.html]
[themesflat.co/html/ecomus/blog-detail.html]
[themesflat.co/html/ecomus/wishlist.html]
[themesflat.co/html/ecomus/images/slider/skincare-slide1.jpg]
[themesflat.co/html/ecomus/images/slider/skincare-slide2.jpg]
[themesflat.co/html/ecomus/images/slider/skincare-slide3.jpg]
[themesflat.co/html/ecomus/images/products/skincare-1.jpg]
[themesflat.co/html/ecomus/images/products/skincare-2.jpg]
[themesflat.co/html/ecomus/images/products/skincare-3.jpg]
[themesflat.co/html/ecomus/images/products/skincare-4.jpg]
[themesflat.co/html/ecomus/images/products/skincare-5.jpg]
[themesflat.co/html/ecomus/images/products/skincare-6.jpg]
[themesflat.co/html/ecomus/images/products/skincare-7.jpg]
[themesflat.co/html/ecomus/images/products/skincare-8.jpg]
[themesflat.co/html/ecomus/images/products/skincare-9.jpg]
[themesflat.co/html/ecomus/images/products/skincare-10.jpg]
[themesflat.co/html/ecomus/images/products/skincare-11.jpg]
[themesflat.co/html/ecomus/images/products/skincare-12.jpg]
[themesflat.co/html/ecomus/images/products/skincare-13.jpg]
[themesflat.co/html/ecomus/images/products/skincare-14.jpg]
[themesflat.co/html/ecomus/images/products/skincare-15.jpg]
[themesflat.co/html/ecomus/images/products/skincare-16.jpg]
[themesflat.co/html/ecomus/images/collections/banner-collection-1.jpg]
[themesflat.co/html/ecomus/images/slider/video-1.mp4]
[themesflat.co/html/ecomus/images/shop/store/ourstore4.jpg]
[themesflat.co/html/ecomus/images/shop/store/ourstore5.jpg]
[themesflat.co/html/ecomus/images/shop/store/ourstore6.jpg]
[themesflat.co/html/ecomus/images/slider/te4.jpg]
[themesflat.co/html/ecomus/images/slider/te6.jpg]
[themesflat.co/html/ecomus/images/slider/te8.jpg]
[themesflat.co/html/ecomus/images/slider/te7.jpg]
[themesflat.co/html/ecomus/images/slider/te10.jpg]
[themesflat.co/html/ecomus/images/slider/te9.jpg]
[themesflat.co/html/ecomus/images/shop/file/skincare_before.jpg]
[themesflat.co/html/ecomus/images/shop/file/skincare_after.jpg]
[themesflat.co/html/ecomus/images/shop/gallery/gallery-9.jpg]
[themesflat.co/html/ecomus/images/shop/gallery/gallery-10.jpg]
[themesflat.co/html/ecomus/images/shop/gallery/gallery-11.jpg]
[themesflat.co/html/ecomus/images/shop/gallery/gallery-12.jpg]
[themesflat.co/html/ecomus/images/shop/gallery/gallery-13.jpg]
[themesflat.co/html/ecomus/images/shop/gallery/gallery-14.jpg]
[themesflat.co/html/ecomus/images/shop/gallery/gallery-15.jpg]
[themesflat.co/html/ecomus/images/shop/gallery/gallery-16.jpg]
[themesflat.co/html/ecomus/privacy-policy.html]
[themesflat.co/html/ecomus/delivery-return.html]
[themesflat.co/html/ecomus/shipping-delivery.html]
[themesflat.co/html/ecomus/terms-conditions.html]
[themesflat.co/html/ecomus/compare.html]
[themesflat.co/html/ecomus/login.html]
[themesflat.co/html/ecomus/images/payments/visa.png]
[themesflat.co/html/ecomus/images/payments/img-1.png]
[themesflat.co/html/ecomus/images/payments/img-2.png]
[themesflat.co/html/ecomus/images/payments/img-3.png]
[themesflat.co/html/ecomus/images/payments/img-4.png]
[themesflat.co/html/ecomus/home-furniture.html]
[themesflat.co/html/ecomus/images/demo/home-furniture.jpg]
[themesflat.co/html/ecomus/home-furniture-02.html]
[themesflat.co/html/ecomus/images/demo/home-furniture2.jpg]
[themesflat.co/html/ecomus/home-skateboard.html]
[themesflat.co/html/ecomus/images/demo/home-skateboard.jpg]
[themesflat.co/html/ecomus/home-stroller.html]
[themesflat.co/html/ecomus/images/demo/home-stroller.jpg]
[themesflat.co/html/ecomus/home-decor.html]
[themesflat.co/html/ecomus/images/demo/home-decor.jpg]
[themesflat.co/html/ecomus/home-electronic.html]
[themesflat.co/html/ecomus/images/demo/home-electronic.jpg]
[themesflat.co/html/ecomus/home-setup-gear.html]
[themesflat.co/html/ecomus/images/demo/home-setup-gear.jpg]
[themesflat.co/html/ecomus/home-dog-accessories.html]
[themesflat.co/html/ecomus/images/demo/home-dog-accessories.jpg]
[themesflat.co/html/ecomus/home-kitchen-wear.html]
[themesflat.co/html/ecomus/images/demo/home-kitchen.jpg]
[themesflat.co/html/ecomus/home-phonecase.html]
[themesflat.co/html/ecomus/images/demo/home-phonecase.jpg]
[themesflat.co/html/ecomus/home-paddle-boards.html]
[themesflat.co/html/ecomus/images/demo/home_paddle_board.jpg]
[themesflat.co/html/ecomus/home-glasses.html]
[themesflat.co/html/ecomus/images/demo/home-glasses.jpg]
[themesflat.co/html/ecomus/home-pod-store.html]
[themesflat.co/html/ecomus/images/demo/home-pod-store.jpg]
[themesflat.co/html/ecomus/home-activewear.html]
[themesflat.co/html/ecomus/images/demo/home-activewear.jpg]
[themesflat.co/html/ecomus/home-handbag.html]
[themesflat.co/html/ecomus/images/demo/home-handbag.jpg]
[themesflat.co/html/ecomus/home-tee.html]
[themesflat.co/html/ecomus/images/demo/home-tee.jpg]
[themesflat.co/html/ecomus/home-sock.html]
[themesflat.co/html/ecomus/images/demo/home-socks.jpg]
[themesflat.co/html/ecomus/home-jewerly.html]
[themesflat.co/html/ecomus/images/demo/home-jewelry.jpg]
[themesflat.co/html/ecomus/home-sneaker.html]
[themesflat.co/html/ecomus/images/demo/home-sneaker.jpg]
[themesflat.co/html/ecomus/home-accessories.html]
[themesflat.co/html/ecomus/images/demo/home-accessories.jpg]
[themesflat.co/html/ecomus/home-grocery.html]
[themesflat.co/html/ecomus/images/demo/home-gocery.jpg]
[themesflat.co/html/ecomus/home-baby.html]
[themesflat.co/html/ecomus/images/demo/home-baby.jpg]
[themesflat.co/html/ecomus/home-search.html]
[themesflat.co/html/ecomus/images/shop/cate/cate1.jpg]
[themesflat.co/html/ecomus/images/shop/cate/cate2.jpg]
[themesflat.co/html/ecomus/images/shop/cate/cate3.jpg]
[themesflat.co/html/ecomus/images/shop/cate/cate4.png]
[themesflat.co/html/ecomus/images/shop/cate/cate5.jpg]
[themesflat.co/html/ecomus/images/shop/cate/cate6.jpg]
[themesflat.co/html/ecomus/images/shop/cate/cate8.jpg]
[themesflat.co/html/ecomus/images/shop/cate/cate9.jpg]
[themesflat.co/html/ecomus/images/shop/cate/cate7.jpg]
[themesflat.co/html/ecomus/register.html]
[themesflat.co/html/ecomus/images/payments/paypal.png]
[themesflat.co/html/ecomus/images/shop/products/size_chart2.jpg]
[themesflat.co/html/ecomus/js/bootstrap.min.js]
[themesflat.co/html/ecomus/js/jquery.min.js]
[themesflat.co/html/ecomus/js/swiper-bundle.min.js]
[themesflat.co/html/ecomus/js/carousel.js]
[themesflat.co/html/ecomus/js/bootstrap-select.min.js]
[themesflat.co/html/ecomus/js/lazysize.min.js]
[themesflat.co/html/ecomus/js/image-compare-viewer.js]
[themesflat.co/html/ecomus/js/wow.min.js]
[themesflat.co/html/ecomus/js/multiple-modal.js]
[themesflat.co/html/ecomus/js/main.js]
[themesflat.co/html/ecomus/home-skincare.html]
[themesflat.co/html/ecomus/fonts/fonts.css]
[themesflat.co/html/ecomus/fonts/icomoon5811.eot]
[themesflat.co/html/ecomus/fonts/icomoon5811.ttf]
[themesflat.co/html/ecomus/fonts/icomoon5811.woff]
[themesflat.co/html/ecomus/fonts/font-icons.css]
[themesflat.co/html/ecomus/css/bootstrap.min.css]
[themesflat.co/html/ecomus/css/image-compare-viewer.min.css]
[themesflat.co/html/ecomus/css/swiper-bundle.min.css]
[themesflat.co/html/ecomus/css/animate.css]
[themesflat.co/html/ecomus/images/slider/image_bg_testimonials.jpg]
[themesflat.co/html/ecomus/images/slider/fashion-slideshow-08.jpg]
[themesflat.co/html/ecomus/images/shop/file/page-title-blog.png]
[themesflat.co/html/ecomus/css/styles.css]
[themesflat.co/html/ecomus/images/slider/fashion-slideshow-01.jpg]
[themesflat.co/html/ecomus/images/slider/fashion-slideshow-02.jpg]
[themesflat.co/html/ecomus/images/slider/fashion-slideshow-03.jpg]
[themesflat.co/html/ecomus/images/collections/collection-17.jpg]
[themesflat.co/html/ecomus/images/collections/collection-14.jpg]
[themesflat.co/html/ecomus/images/collections/collection-18.jpg]
[themesflat.co/html/ecomus/images/collections/collection-15.jpg]
[themesflat.co/html/ecomus/images/collections/collection-20.jpg]
[themesflat.co/html/ecomus/images/products/brown.jpg]
[themesflat.co/html/ecomus/images/products/purple.jpg]
[themesflat.co/html/ecomus/images/products/green.jpg]
[themesflat.co/html/ecomus/images/products/light-green-1.jpg]
[themesflat.co/html/ecomus/images/products/light-green-2.jpg]
[themesflat.co/html/ecomus/images/products/black-3.jpg]
[themesflat.co/html/ecomus/images/products/blue.jpg]
[themesflat.co/html/ecomus/images/products/dark-blue.jpg]
[themesflat.co/html/ecomus/images/products/white-6.jpg]
[themesflat.co/html/ecomus/images/products/light-grey.jpg]
[themesflat.co/html/ecomus/images/products/black-4.jpg]
[themesflat.co/html/ecomus/images/products/black-5.jpg]
[themesflat.co/html/ecomus/images/products/dark-blue-2.jpg]
[themesflat.co/html/ecomus/images/products/beige.jpg]
[themesflat.co/html/ecomus/images/products/light-blue.jpg]
[themesflat.co/html/ecomus/images/products/white-7.jpg]
[themesflat.co/html/ecomus/images/products/white-8.jpg]
[themesflat.co/html/ecomus/images/products/black-6.jpg]
[themesflat.co/html/ecomus/images/products/black-7.jpg]
[themesflat.co/html/ecomus/images/products/blue-2.jpg]
[themesflat.co/html/ecomus/images/products/brown-4.jpg]
[themesflat.co/html/ecomus/images/products/black-8.jpg]
[themesflat.co/html/ecomus/images/products/black-9.jpg]
[themesflat.co/html/ecomus/images/products/black-10.jpg]
[themesflat.co/html/ecomus/images/products/white-9.jpg]
[themesflat.co/html/ecomus/images/products/grey-2.jpg]
[themesflat.co/html/ecomus/images/products/grey.jpg]
[themesflat.co/html/ecomus/images/products/pink-2.jpg]
[themesflat.co/html/ecomus/images/products/light-pink.jpg]
[themesflat.co/html/ecomus/images/products/black-11.jpg]
[themesflat.co/html/ecomus/images/products/black-12.jpg]
[themesflat.co/html/ecomus/images/shop/file/lookbook-3.jpg]
[themesflat.co/html/ecomus/images/shop/products/img-p2.png]
[themesflat.co/html/ecomus/images/shop/products/img-p4.png]
[themesflat.co/html/ecomus/images/shop/file/lookbook-4.jpg]
[themesflat.co/html/ecomus/images/shop/products/img-p5.png]
[themesflat.co/html/ecomus/images/shop/products/img-p3.png]
[themesflat.co/html/ecomus/images/brand/brand-01.png]
[themesflat.co/html/ecomus/images/brand/brand-02.png]
[themesflat.co/html/ecomus/images/brand/brand-03.png]
[themesflat.co/html/ecomus/images/brand/brand-04.png]
[themesflat.co/html/ecomus/images/brand/brand-05.png]
[themesflat.co/html/ecomus/images/brand/brand-06.png]
[themesflat.co/html/ecomus/images/shop/gallery/gallery-7.jpg]
[themesflat.co/html/ecomus/images/shop/gallery/gallery-3.jpg]
[themesflat.co/html/ecomus/images/shop/gallery/gallery-5.jpg]
[themesflat.co/html/ecomus/images/shop/gallery/gallery-8.jpg]
[themesflat.co/html/ecomus/images/shop/gallery/gallery-6.jpg]
[themesflat.co/html/ecomus/images/item/banner-newleter.jpg]
[themesflat.co/html/ecomus/js/count-down.js]
[themesflat.co/html/ecomus/index.html]
[themesflat.co/html/ecomus/home-men.html]
[themesflat.co/html/ecomus/home-kids.html]
[themesflat.co/html/ecomus/images/collections/collection-circle-8.jpg]
[themesflat.co/html/ecomus/images/collections/collection-circle-9.jpg]
[themesflat.co/html/ecomus/images/collections/collection-circle-10.jpg]
[themesflat.co/html/ecomus/images/collections/collection-circle-11.jpg]
[themesflat.co/html/ecomus/images/collections/collection-circle-12.jpg]
[themesflat.co/html/ecomus/images/collections/collection-circle-13.jpg]
[themesflat.co/html/ecomus/images/collections/sale.jpg]
[themesflat.co/html/ecomus/images/slider/women-slideshow-1.jpg]
[themesflat.co/html/ecomus/images/slider/women-slideshow-2.jpg]
[themesflat.co/html/ecomus/images/slider/women-slideshow-3.jpg]
[themesflat.co/html/ecomus/images/collections/collection-42.jpg]
[themesflat.co/html/ecomus/images/collections/collection-43.jpg]
[themesflat.co/html/ecomus/images/collections/collection-44.jpg]
[themesflat.co/html/ecomus/images/collections/collection-45.jpg]
[themesflat.co/html/ecomus/images/collections/collection-46.jpg]
[themesflat.co/html/ecomus/images/collections/collection-47.jpg]
[themesflat.co/html/ecomus/images/collections/collection-48.jpg]
[themesflat.co/html/ecomus/images/collections/collection-58.jpg]
[themesflat.co/html/ecomus/images/slider/te3.jpg]
[themesflat.co/html/ecomus/images/slider/te5.jpg]
[themesflat.co/html/ecomus/home-multi-brand.html]
[themesflat.co/html/ecomus/images/slider/fashion-slideshow-04.jpg]
[themesflat.co/html/ecomus/images/slider/fashion-slideshow-05.jpg]
[themesflat.co/html/ecomus/images/slider/fashion-slideshow-06.jpg]
[themesflat.co/html/ecomus/images/collections/collection-21.jpg]
[themesflat.co/html/ecomus/images/collections/collection-22.jpg]
[themesflat.co/html/ecomus/images/collections/collection-23.jpg]
[themesflat.co/html/ecomus/images/collections/collection-24.jpg]
[themesflat.co/html/ecomus/images/collections/collection-25.jpg]
[themesflat.co/html/ecomus/images/shop/file/banner-gr-1.jpg]
[themesflat.co/html/ecomus/images/shop/file/banner-gr-2.jpg]
[themesflat.co/html/ecomus/images/shop/store/ourstore1.png]
[themesflat.co/html/ecomus/images/shop/store/ourstore2.png]
[themesflat.co/html/ecomus/images/shop/store/ourstore3.png]
[themesflat.co/html/ecomus/home-02.html]
[themesflat.co/html/ecomus/images/collections/collection-3.jpg]
[themesflat.co/html/ecomus/images/collections/collection-4.jpg]
[themesflat.co/html/ecomus/images/collections/collection-5.jpg]
[themesflat.co/html/ecomus/images/collections/collection-7.jpg]
[themesflat.co/html/ecomus/images/collections/collection-6.jpg]
[themesflat.co/html/ecomus/images/products/black-13.jpg]
[themesflat.co/html/ecomus/images/products/brown-5.jpg]
[themesflat.co/html/ecomus/images/products/light-blue-2.jpg]
[themesflat.co/html/ecomus/images/products/black-14.jpg]
[themesflat.co/html/ecomus/images/products/white-10.jpg]
[themesflat.co/html/ecomus/images/products/brown-6.jpg]
[themesflat.co/html/ecomus/images/products/brown-7.jpg]
[themesflat.co/html/ecomus/images/products/brown-8.jpg]
[themesflat.co/html/ecomus/images/products/black-15.jpg]
[themesflat.co/html/ecomus/images/products/light-green-4.jpg]
[themesflat.co/html/ecomus/images/products/light-green-5.jpg]
[themesflat.co/html/ecomus/images/products/brown-9.jpg]
[themesflat.co/html/ecomus/images/products/brown-10.jpg]
[themesflat.co/html/ecomus/images/products/white-11.jpg]
[themesflat.co/html/ecomus/images/products/light-blue-3.jpg]
[themesflat.co/html/ecomus/images/products/pink-3.jpg]
[themesflat.co/html/ecomus/images/products/black-16.jpg]
[themesflat.co/html/ecomus/images/slider/slider-video-2.mp4]
[themesflat.co/html/ecomus/images/item/tets1.jpg]
[themesflat.co/html/ecomus/images/item/tets2.jpg]
[themesflat.co/html/ecomus/home-03.html]
[themesflat.co/html/ecomus/images/slider/fashion-slideshow-07.jpg]
[themesflat.co/html/ecomus/images/slider/fashion-slideshow-09.jpg]
[themesflat.co/html/ecomus/images/collections/collection-27.jpg]
[themesflat.co/html/ecomus/images/collections/collection-28.jpg]
[themesflat.co/html/ecomus/images/collections/collection-26.jpg]
[themesflat.co/html/ecomus/images/item/tets3.jpg]
[themesflat.co/html/ecomus/images/item/tets4.jpg]
[themesflat.co/html/ecomus/images/collections/collection-29.jpg]
[themesflat.co/html/ecomus/images/collections/collection-30.jpg]
[themesflat.co/html/ecomus/images/collections/collection-16.jpg]
[themesflat.co/html/ecomus/images/collections/collection-31.jpg]
[themesflat.co/html/ecomus/home-04.html]
[themesflat.co/html/ecomus/images/slider/fashion-slideshow-10.jpg]
[themesflat.co/html/ecomus/images/slider/fashion-slideshow-11.jpg]
[themesflat.co/html/ecomus/images/slider/fashion-slideshow-12.jpg]
[themesflat.co/html/ecomus/images/collections/collection-32.jpg]
[themesflat.co/html/ecomus/images/collections/collection-33.jpg]
[themesflat.co/html/ecomus/images/collections/collection-34.jpg]
[themesflat.co/html/ecomus/images/collections/collection-35.jpg]
[themesflat.co/html/ecomus/images/collections/collection-36.jpg]
[themesflat.co/html/ecomus/images/collections/collection-37.jpg]
[themesflat.co/html/ecomus/images/collections/collection-38.jpg]
[themesflat.co/html/ecomus/images/slider/banner-countdown.png]
[themesflat.co/html/ecomus/images/shop/file/lookbook-5.jpg]
[themesflat.co/html/ecomus/images/products/beige-2.jpg]
[themesflat.co/html/ecomus/images/products/beige-3.jpg]
[themesflat.co/html/ecomus/images/products/black-17.jpg]
[themesflat.co/html/ecomus/images/products/blue-3.jpg]
[themesflat.co/html/ecomus/images/products/white-12.jpg]
[themesflat.co/html/ecomus/home-05.html]
[themesflat.co/html/ecomus/images/logo/logo@2x.png]
[themesflat.co/html/ecomus/images/slider/fashion-06-slide1.jpg]
[themesflat.co/html/ecomus/images/slider/fashion-06-slide2.jpg]
[themesflat.co/html/ecomus/images/slider/fashion-06-slide3.jpg]
[themesflat.co/html/ecomus/images/collections/collection-circle-1.jpg]
[themesflat.co/html/ecomus/images/collections/collection-circle-2.jpg]
[themesflat.co/html/ecomus/images/collections/collection-circle-3.jpg]
[themesflat.co/html/ecomus/images/collections/collection-circle-4.jpg]
[themesflat.co/html/ecomus/images/collections/collection-circle-5.jpg]
[themesflat.co/html/ecomus/images/collections/collection-circle-6.jpg]
[themesflat.co/html/ecomus/images/collections/collection-circle-7.jpg]
[themesflat.co/html/ecomus/images/collections/collection-39.jpg]
[themesflat.co/html/ecomus/images/collections/collection-40.jpg]
[themesflat.co/html/ecomus/images/collections/collection-41.jpg]
[themesflat.co/html/ecomus/images/country/map-1.jpg]
[themesflat.co/html/ecomus/home-06.html]
[themesflat.co/html/ecomus/images/slider/te2.jpg]
[themesflat.co/html/ecomus/images/slider/te1.jpg]
[themesflat.co/html/ecomus/images/collections/collection-49.jpg]
[themesflat.co/html/ecomus/images/collections/collection-50.jpg]
[themesflat.co/html/ecomus/images/collections/collection-51.jpg]
[themesflat.co/html/ecomus/images/collections/collection-52.jpg]
[themesflat.co/html/ecomus/images/collections/collection-53.jpg]
[themesflat.co/html/ecomus/images/collections/collection-54.jpg]
[themesflat.co/html/ecomus/images/collections/collection-55.jpg]
[themesflat.co/html/ecomus/images/collections/collection-56.jpg]
[themesflat.co/html/ecomus/images/collections/collection-57.jpg]
[themesflat.co/html/ecomus/home-07.html]
[themesflat.co/html/ecomus/images/slider/slider-video.mp4]
[themesflat.co/html/ecomus/images/collections/collection-59.jpg]
[themesflat.co/html/ecomus/images/collections/collection-60.jpg]
[themesflat.co/html/ecomus/images/collections/collection-61.jpg]
[themesflat.co/html/ecomus/images/collections/collection-62.jpg]
[themesflat.co/html/ecomus/images/collections/collection-63.jpg]
[themesflat.co/html/ecomus/images/collections/collection-64.jpg]
[themesflat.co/html/ecomus/images/collections/collection-65.jpg]
[themesflat.co/html/ecomus/images/shop/products/hmgoepprod2.jpg]
[themesflat.co/html/ecomus/images/shop/products/p-d3.png]
[themesflat.co/html/ecomus/images/shop/products/p-d1.png]
[themesflat.co/html/ecomus/images/shop/file/lookbook-6.jpg]
[themesflat.co/html/ecomus/images/blog/blog-1.jpg]
[themesflat.co/html/ecomus/images/blog/blog-2.jpg]
[themesflat.co/html/ecomus/images/blog/blog-3.jpg]
[themesflat.co/html/ecomus/images/blog/blog-4.jpg]
[themesflat.co/html/ecomus/images/blog/blog-5.jpg]
[themesflat.co/html/ecomus/images/blog/blog-6.jpg]
[themesflat.co/html/ecomus/home-08.html]
[themesflat.co/html/ecomus/images/slider/slide-hp-1.jpg]
[themesflat.co/html/ecomus/images/slider/slide-hp-2.jpg]
[themesflat.co/html/ecomus/images/slider/slide-hp-3.jpg]
[themesflat.co/html/ecomus/images/collections/new-releases.png]
[themesflat.co/html/ecomus/images/collections/best-deals.png]
[themesflat.co/html/ecomus/images/collections/collection-circle-14.png]
[themesflat.co/html/ecomus/images/collections/collection-circle-15.png]
[themesflat.co/html/ecomus/images/collections/collection-circle-16.png]
[themesflat.co/html/ecomus/images/collections/collection-circle-17.png]
[themesflat.co/html/ecomus/images/collections/collection-circle-18.png]
[themesflat.co/html/ecomus/images/collections/collection-66.jpg]
[themesflat.co/html/ecomus/images/collections/collection-67.jpg]
[themesflat.co/html/ecomus/images/collections/collection-68.jpg]
[themesflat.co/html/ecomus/images/collections/banner-collection.jpg]
[themesflat.co/html/ecomus/images/products/headphone-1.png]
[themesflat.co/html/ecomus/images/products/headphone-2.png]
[themesflat.co/html/ecomus/images/products/headphone-3.png]
[themesflat.co/html/ecomus/images/products/headphone-4.png]
[themesflat.co/html/ecomus/images/products/headphone-5.png]
[themesflat.co/html/ecomus/images/products/headphone-6.png]
[themesflat.co/html/ecomus/images/products/headphone-7.png]
[themesflat.co/html/ecomus/images/products/headphone-8.png]
[themesflat.co/html/ecomus/images/products/headphone-9.png]
[themesflat.co/html/ecomus/images/products/headphone-10.png]
[themesflat.co/html/ecomus/images/products/headphone-11.png]
[themesflat.co/html/ecomus/images/products/headphone-12.png]
[themesflat.co/html/ecomus/images/products/headphone-13.png]
[themesflat.co/html/ecomus/images/products/headphone-14.png]
[themesflat.co/html/ecomus/images/products/headphone-15.png]
[themesflat.co/html/ecomus/images/products/headphone-16.png]
[themesflat.co/html/ecomus/images/products/headphone-17.png]
[themesflat.co/html/ecomus/images/products/headphone-18.png]
[themesflat.co/html/ecomus/images/products/headphone-19.png]
[themesflat.co/html/ecomus/images/item/tets5.jpg]
[themesflat.co/html/ecomus/images/item/tets6.jpg]
[themesflat.co/html/ecomus/home-headphone.html]
[themesflat.co/html/ecomus/images/slider/giftCard_slide-1.jpg]
[themesflat.co/html/ecomus/images/slider/giftCard_slide-2.jpg]
[themesflat.co/html/ecomus/images/slider/giftCard_slide-3.jpg]
[themesflat.co/html/ecomus/images/products/giftcard-1.jpg]
[themesflat.co/html/ecomus/images/products/giftcard-2.jpg]
[themesflat.co/html/ecomus/images/products/giftcard-3.jpg]
[themesflat.co/html/ecomus/images/products/giftcard-4.jpg]
[themesflat.co/html/ecomus/images/products/giftcard-5.jpg]
[themesflat.co/html/ecomus/images/products/giftcard-6.jpg]
[themesflat.co/html/ecomus/images/products/giftcard-7.jpg]
[themesflat.co/html/ecomus/images/products/giftcard-8.jpg]
[themesflat.co/html/ecomus/images/collections/giftcard-1.jpg]
[themesflat.co/html/ecomus/images/collections/giftcard-2.jpg]
[themesflat.co/html/ecomus/images/collections/giftcard-3.jpg]
[themesflat.co/html/ecomus/images/collections/giftcard-4.jpg]
[themesflat.co/html/ecomus/images/collections/giftcard-5.jpg]
[themesflat.co/html/ecomus/images/shop/products/gift-card-2.jpg]
[themesflat.co/html/ecomus/images/collections/giftcard-6.jpg]
[themesflat.co/html/ecomus/images/blog/blog-giftcard-1.jpg]
[themesflat.co/html/ecomus/images/blog/blog-giftcard-2.jpg]
[themesflat.co/html/ecomus/images/blog/blog-giftcard-3.jpg]
[themesflat.co/html/ecomus/images/blog/blog-giftcard-4.jpg]
[themesflat.co/html/ecomus/js/drift.min.js]
[themesflat.co/html/ecomus/js/model-viewer.min.js]
[themesflat.co/html/ecomus/js/zoom.js]
[themesflat.co/html/ecomus/home-giftcard.html]
[themesflat.co/html/ecomus/js/shop.js]
[themesflat.co/html/ecomus/shop-default.html]
[themesflat.co/html/ecomus/shop-left-sidebar.html]
[themesflat.co/html/ecomus/shop-right-sidebar.html]
[themesflat.co/html/ecomus/shop-fullwidth.html]
[themesflat.co/html/ecomus/images/collections/collection-19.jpg]
[themesflat.co/html/ecomus/shop-collection-sub.html]
[themesflat.co/html/ecomus/images/collections/collection-8.jpg]
[themesflat.co/html/ecomus/images/collections/collection-9.jpg]
[themesflat.co/html/ecomus/images/collections/collection-10.jpg]
[themesflat.co/html/ecomus/images/collections/collection-11.jpg]
[themesflat.co/html/ecomus/images/collections/collection-12.jpg]
[themesflat.co/html/ecomus/images/collections/collection-13.jpg]
[themesflat.co/html/ecomus/shop-collection-list.html]
[themesflat.co/html/ecomus/shop-link.html]
[themesflat.co/html/ecomus/shop-loadmore.html]
[themesflat.co/html/ecomus/shop-infinite-scrolling.html]
[themesflat.co/html/ecomus/shop-filter-sidebar.html]
[themesflat.co/html/ecomus/shop-filter-hidden.html]
[themesflat.co/html/ecomus/product-style-list.html]
[themesflat.co/html/ecomus/product-style-01.html]
[themesflat.co/html/ecomus/product-style-02.html]
[themesflat.co/html/ecomus/product-style-03.html]
[themesflat.co/html/ecomus/product-style-04.html]
[themesflat.co/html/ecomus/product-style-05.html]
[themesflat.co/html/ecomus/product-style-06.html]
[themesflat.co/html/ecomus/product-style-07.html]
[themesflat.co/html/ecomus/shop-men.html]
[themesflat.co/html/ecomus/shop-women.html]
[themesflat.co/html/ecomus/images/shop/products/hmgoepprod31.jpg]
[themesflat.co/html/ecomus/images/shop/products/hmgoepprod.jpg]
[themesflat.co/html/ecomus/images/shop/products/hmgoepprod3.jpg]
[themesflat.co/html/ecomus/images/shop/products/hmgoepprod4.jpg]
[themesflat.co/html/ecomus/images/shop/products/hmgoepprod5.jpg]
[themesflat.co/html/ecomus/images/shop/products/hmgoepprod6.jpg]
[themesflat.co/html/ecomus/images/shop/products/hmgoepprod7.jpg]
[themesflat.co/html/ecomus/images/shop/products/hmgoepprod8.jpg]
[themesflat.co/html/ecomus/images/shop/products/hmgoepprod9.jpg]
[themesflat.co/html/ecomus/images/shop/products/hmgoepprod12.jpg]
[themesflat.co/html/ecomus/images/shop/products/hmgoepprod14.jpg]
[themesflat.co/html/ecomus/product-detail.html]
[themesflat.co/html/ecomus/images/shop/products/p-d3-1.jpg]
[themesflat.co/html/ecomus/images/shop/products/p-d3-2.jpg]
[themesflat.co/html/ecomus/product-grid-1.html]
[themesflat.co/html/ecomus/product-grid-2.html]
[themesflat.co/html/ecomus/product-stacked.html]
[themesflat.co/html/ecomus/product-right-thumbnails.html]
[themesflat.co/html/ecomus/product-bottom-thumbnails.html]
[themesflat.co/html/ecomus/images/products/img-feature-1.png]
[themesflat.co/html/ecomus/images/products/img-feature-2.png]
[themesflat.co/html/ecomus/images/products/img-feature-3.png]
[themesflat.co/html/ecomus/images/shop/gallery/gallery-1.jpg]
[themesflat.co/html/ecomus/images/shop/gallery/gallery-2.jpg]
[themesflat.co/html/ecomus/images/shop/gallery/gallery-4.jpg]
[themesflat.co/html/ecomus/product-drawer-sidebar.html]
[themesflat.co/html/ecomus/product-description-accordion.html]
[themesflat.co/html/ecomus/product-description-list.html]
[themesflat.co/html/ecomus/product-description-vertical.html]
[themesflat.co/html/ecomus/product-inner-zoom.html]
[themesflat.co/html/ecomus/product-zoom-magnifier.html]
[themesflat.co/html/ecomus/product-no-zoom.html]
[themesflat.co/html/ecomus/product-photoswipe-popup.html]
[themesflat.co/html/ecomus/product-zoom-popup.html]
[themesflat.co/html/ecomus/images/shop/products/preview_images/img-video-1.jpg]
[themesflat.co/html/ecomus/images/shop/products/preview_images/video-1.mp4]
[themesflat.co/html/ecomus/product-video.html]
[themesflat.co/html/ecomus/images/shop/products/hmgoepprod18.jpg]
[themesflat.co/html/ecomus/images/shop/products/hmgoepprod19.jpg]
[themesflat.co/html/ecomus/images/shop/products/hmgoepprod20.jpg]
[themesflat.co/html/ecomus/images/shop/products/preview_images/img-3d-1.jpg]
[themesflat.co/html/ecomus/images/shop/products/hmgoepprod21.jpg]
[themesflat.co/html/ecomus/images/shop/products/hmgoepprod22.jpg]
[themesflat.co/html/ecomus/images/shop/products/hmgoepprod23.jpg]
[themesflat.co/html/ecomus/product-3d.html]
[themesflat.co/html/ecomus/product-options-customizer.html]
[themesflat.co/html/ecomus/product-advanced-types.html]
[themesflat.co/html/ecomus/images/shop/products/gift-card-1.png]
[themesflat.co/html/ecomus/product-giftcard.html]
[themesflat.co/html/ecomus/product-color-swatch.html]
[themesflat.co/html/ecomus/product-rectangle.html]
[themesflat.co/html/ecomus/product-rectangle-color.html]
[themesflat.co/html/ecomus/product-swatch-image.html]
[themesflat.co/html/ecomus/product-swatch-image-rounded.html]
[themesflat.co/html/ecomus/product-swatch-dropdown.html]
[themesflat.co/html/ecomus/product-swatch-dropdown-color.html]
[themesflat.co/html/ecomus/product-frequently-bought-together.html]
[themesflat.co/html/ecomus/product-frequently-bought-together-2.html]
[themesflat.co/html/ecomus/product-upsell-features.html]
[themesflat.co/html/ecomus/product-pre-orders.html]
[themesflat.co/html/ecomus/product-notification.html]
[themesflat.co/html/ecomus/product-pickup.html]
[themesflat.co/html/ecomus/images/shop/products/hmgoepprod10.jpg]
[themesflat.co/html/ecomus/images/shop/products/hmgoepprod11.jpg]
[themesflat.co/html/ecomus/images/shop/products/hmgoepprod13.jpg]
[themesflat.co/html/ecomus/images/shop/products/hmgoepprod15.jpg]
[themesflat.co/html/ecomus/images/shop/products/hmgoepprod16.jpg]
[themesflat.co/html/ecomus/images/shop/products/hmgoepprod17.jpg]
[themesflat.co/html/ecomus/product-images-grouped.html]
[themesflat.co/html/ecomus/images/shop/products/hmgoepprod24.jpg]
[themesflat.co/html/ecomus/images/shop/products/hmgoepprod25.jpg]
[themesflat.co/html/ecomus/images/shop/products/hmgoepprod26.jpg]
[themesflat.co/html/ecomus/images/shop/products/hmgoepprod27.jpg]
[themesflat.co/html/ecomus/images/shop/products/hmgoepprod28.jpg]
[themesflat.co/html/ecomus/images/shop/products/hmgoepprod29.jpg]
[themesflat.co/html/ecomus/images/shop/products/hmgoepprod30.jpg]
[themesflat.co/html/ecomus/product-complimentary.html]
[themesflat.co/html/ecomus/product-quick-order-list.html]
[themesflat.co/html/ecomus/images/slider/about-banner-01.jpg]
[themesflat.co/html/ecomus/images/collections/collection-69.jpg]
[themesflat.co/html/ecomus/images/collections/collection-71.jpg]
[themesflat.co/html/ecomus/images/collections/collection-70.jpg]
[themesflat.co/html/ecomus/about-us.html]
[themesflat.co/html/ecomus/brands.html]
[themesflat.co/html/ecomus/images/brand/7-chanel.png]
[themesflat.co/html/ecomus/images/brand/asos.png]
[themesflat.co/html/ecomus/images/brand/armani.png]
[themesflat.co/html/ecomus/images/brand/asics.png]
[themesflat.co/html/ecomus/images/brand/burberry.png]
[themesflat.co/html/ecomus/images/brand/bogner.png]
[themesflat.co/html/ecomus/images/brand/christian-dior.png]
[themesflat.co/html/ecomus/images/brand/chopard-1-logo.png]
[themesflat.co/html/ecomus/images/brand/cartier-2-logo.png]
[themesflat.co/html/ecomus/images/brand/calvin-klein-1-logo.png]
[themesflat.co/html/ecomus/images/brand/escada-beaute-logo.png]
[themesflat.co/html/ecomus/images/brand/furla-logo-png.png]
[themesflat.co/html/ecomus/images/brand/fendi-logo.png]
[themesflat.co/html/ecomus/images/brand/foot-locker-1.png]
[themesflat.co/html/ecomus/images/brand/hugo-boss-logo.png]
[themesflat.co/html/ecomus/images/brand/hermes-logo.png]
[themesflat.co/html/ecomus/images/brand/iwc-schaffhausen-logo.png]
[themesflat.co/html/ecomus/images/brand/jaeger-le-coultre-logo-png.png]
[themesflat.co/html/ecomus/images/brand/just-cavalli-logo.png]
[themesflat.co/html/ecomus/images/brand/longines-1-logo.png]
[themesflat.co/html/ecomus/images/brand/nine-west-logo.png]
[themesflat.co/html/ecomus/images/brand/old-navy-logo.png]
[themesflat.co/html/ecomus/images/brand/oakley-1-logo.png]
[themesflat.co/html/ecomus/images/brand/prada-logo.png]
[themesflat.co/html/ecomus/images/brand/patek-philippe.png]
[themesflat.co/html/ecomus/images/brand/patagonia-logo.png]
[themesflat.co/html/ecomus/images/brand/ray-ban-logo.png]
[themesflat.co/html/ecomus/images/brand/roberto-cavalli-logo.png]
[themesflat.co/html/ecomus/images/brand/steve-madden-logo.png]
[themesflat.co/html/ecomus/images/brand/topshop-1-logo-png.png]
[themesflat.co/html/ecomus/images/brand/the-north-face-1-logo.png]
[themesflat.co/html/ecomus/images/brand/ted-baker-logo-png.png]
[themesflat.co/html/ecomus/images/brand/valentino-logo-png.png]
[themesflat.co/html/ecomus/images/brand/zara-1-logo-png.png]
[themesflat.co/html/ecomus/brands-v2.html]
[themesflat.co/html/ecomus/js/jquery-validate.js]
[themesflat.co/html/ecomus/contact-1.html]
[themesflat.co/html/ecomus/contact-2.html]
[themesflat.co/html/ecomus/faq-1.html]
[themesflat.co/html/ecomus/faq-2.html]
[themesflat.co/html/ecomus/images/shop/store/ourstore4.png]
[themesflat.co/html/ecomus/our-store.html]
[themesflat.co/html/ecomus/store-locations.html]
[themesflat.co/html/ecomus/timeline.html]
[themesflat.co/html/ecomus/js/rangle-slider.js]
[themesflat.co/html/ecomus/view-cart.html]
[themesflat.co/html/ecomus/images/products/kid-12.jpg]
[themesflat.co/html/ecomus/checkout.html]
[themesflat.co/html/ecomus/payment-confirmation.html]
[themesflat.co/html/ecomus/payment-failure.html]
[themesflat.co/html/ecomus/my-account.html]
[themesflat.co/html/ecomus/my-account-orders.html]
[themesflat.co/html/ecomus/my-account-orders-details.html]
[themesflat.co/html/ecomus/my-account-address.html]
[themesflat.co/html/ecomus/my-account-edit.html]
[themesflat.co/html/ecomus/my-account-wishlist.html]
[themesflat.co/html/ecomus/invoice.html]
[themesflat.co/html/ecomus/404.html]
[themesflat.co/html/ecomus/images/blog/blog-7.jpg]
[themesflat.co/html/ecomus/images/blog/blog-8.jpg]
[themesflat.co/html/ecomus/images/blog/blog-9.jpg]
[themesflat.co/html/ecomus/blog-grid.html]
[themesflat.co/html/ecomus/images/shop/article/sidebar-1.jpg]
[themesflat.co/html/ecomus/images/shop/article/sidebar-2.jpg]
[themesflat.co/html/ecomus/images/shop/article/sidebar-3.jpg]
[themesflat.co/html/ecomus/images/shop/file/img-1.jpg]
[themesflat.co/html/ecomus/images/shop/file/img-2.jpg]
[themesflat.co/html/ecomus/images/shop/file/img-3.jpg]
[themesflat.co/html/ecomus/images/shop/file/img-4.jpg]
[themesflat.co/html/ecomus/images/shop/file/img-5.jpg]
[themesflat.co/html/ecomus/images/shop/file/img-6.png]
[themesflat.co/html/ecomus/images/shop/article/image-1.jpg]
[themesflat.co/html/ecomus/images/shop/article/image-2.jpg]
[themesflat.co/html/ecomus/images/shop/article/image-3.jpg]
[themesflat.co/html/ecomus/images/shop/article/image-4.jpg]
[themesflat.co/html/ecomus/blog-sidebar-left.html]
[themesflat.co/html/ecomus/blog-sidebar-right.html]
[themesflat.co/html/ecomus/blog-list.html]
[themesflat.co/html/ecomus/images/blog/blog-detail.jpg]
[themesflat.co/html/ecomus/images/blog/blog-detail-1.jpg]
[themesflat.co/html/ecomus/images/blog/blog-detail-2.jpg]
[themesflat.co/html/ecomus/blog-detail.html]
[themesflat.co/html/ecomus/wishlist.html]
[themesflat.co/html/ecomus/images/item/quote.svg]
[themesflat.co/html/ecomus/images/logo/logo.svg]
[themesflat.co/html/ecomus/privacy-policy.html]
[themesflat.co/html/ecomus/delivery-return.html]
[themesflat.co/html/ecomus/shipping-delivery.html]
[themesflat.co/html/ecomus/terms-conditions.html]
[themesflat.co/html/ecomus/compare.html]
[themesflat.co/html/ecomus/login.html]
[themesflat.co/html/ecomus/images/country/fr.svg]
[themesflat.co/html/ecomus/images/country/de.svg]
[themesflat.co/html/ecomus/images/country/us.svg]
[themesflat.co/html/ecomus/images/country/vn.svg]
[themesflat.co/html/ecomus/images/slider/009furniture-slideshow-01.jpg]
[themesflat.co/html/ecomus/images/slider/009furniture-slideshow-02.jpg]
[themesflat.co/html/ecomus/images/slider/009furniture-slideshow-03.jpg]
[themesflat.co/html/ecomus/images/collections/009furniture-banner-01.jpg]
[themesflat.co/html/ecomus/images/collections/009furniture-banner-02.jpg]
[themesflat.co/html/ecomus/images/collections/009furniture-banner-03.jpg]
[themesflat.co/html/ecomus/images/collections/009furniture-banner-04.jpg]
[themesflat.co/html/ecomus/images/collections/009furniture-banner-05.jpg]
[themesflat.co/html/ecomus/images/collections/009furniture-banner-06.jpg]
[themesflat.co/html/ecomus/images/collections/009furniture-banner-07.jpg]
[themesflat.co/html/ecomus/images/collections/009furniture-banner-08.jpg]
[themesflat.co/html/ecomus/images/slider/furniture-banner-collection.jpg]
[themesflat.co/html/ecomus/images/products/lamp-black.jpg]
[themesflat.co/html/ecomus/images/products/lamp-dark-green.jpg]
[themesflat.co/html/ecomus/images/products/furniture-1.jpg]
[themesflat.co/html/ecomus/images/products/furniture-2.jpg]
[themesflat.co/html/ecomus/images/products/furniture-3.jpg]
[themesflat.co/html/ecomus/images/products/furniture-6.jpg]
[themesflat.co/html/ecomus/images/products/furniture-7.jpg]
[themesflat.co/html/ecomus/images/products/furniture-4.jpg]
[themesflat.co/html/ecomus/images/products/furniture-5.jpg]
[themesflat.co/html/ecomus/images/products/furniture-8.jpg]
[themesflat.co/html/ecomus/images/products/furniture-9.jpg]
[themesflat.co/html/ecomus/images/products/furniture-10.jpg]
[themesflat.co/html/ecomus/images/products/furniture-11.jpg]
[themesflat.co/html/ecomus/images/products/furniture-12.jpg]
[themesflat.co/html/ecomus/images/products/furniture-13.jpg]
[themesflat.co/html/ecomus/images/slider/009furniture-banner-10.jpg]
[themesflat.co/html/ecomus/images/shop/products/lb-furniture-1.jpg]
[themesflat.co/html/ecomus/images/shop/products/lb-furniture-2.jpg]
[themesflat.co/html/ecomus/images/slider/009furniture-banner-11.jpg]
[themesflat.co/html/ecomus/images/shop/products/lb-furniture-3.jpg]
[themesflat.co/html/ecomus/images/slider/009furniture-banner-12.jpg]
[themesflat.co/html/ecomus/images/shop/products/lb-furniture-4.jpg]
[themesflat.co/html/ecomus/images/shop/gallery/furniture-gallery_01.jpg]
[themesflat.co/html/ecomus/images/shop/gallery/furniture-gallery_02.jpg]
[themesflat.co/html/ecomus/images/shop/gallery/furniture-gallery_03.jpg]
[themesflat.co/html/ecomus/images/shop/gallery/furniture-gallery_04.jpg]
[themesflat.co/html/ecomus/images/shop/gallery/furniture-gallery_05.jpg]
[themesflat.co/html/ecomus/images/shop/gallery/furniture-gallery_06.jpg]
[themesflat.co/html/ecomus/home-furniture.html]
[themesflat.co/html/ecomus/images/slider/furniture_slide1.jpg]
[themesflat.co/html/ecomus/images/slider/furniture_slide2.jpg]
[themesflat.co/html/ecomus/images/slider/furniture_slide3.jpg]
[themesflat.co/html/ecomus/images/collections/furniture_cate1.jpg]
[themesflat.co/html/ecomus/images/collections/furniture_cate2.jpg]
[themesflat.co/html/ecomus/images/collections/furniture_cate3.jpg]
[themesflat.co/html/ecomus/images/collections/furniture_cate4.jpg]
[themesflat.co/html/ecomus/images/collections/furniture_cate5.jpg]
[themesflat.co/html/ecomus/images/collections/furniture_cate6.jpg]
[themesflat.co/html/ecomus/images/collections/furniture_cate7.jpg]
[themesflat.co/html/ecomus/images/collections/furniture_cate8.jpg]
[themesflat.co/html/ecomus/images/collections/furniture_cate9.jpg]
[themesflat.co/html/ecomus/images/item/furniture_testimonial1.jpg]
[themesflat.co/html/ecomus/images/item/furniture_testimonial2.jpg]
[themesflat.co/html/ecomus/home-furniture-02.html]
[themesflat.co/html/ecomus/images/slider/skateboard-slider-01.jpg]
[themesflat.co/html/ecomus/images/slider/skateboard-slider-02.jpg]
[themesflat.co/html/ecomus/images/slider/skateboard-slider-03.jpg]
[themesflat.co/html/ecomus/images/collections/collection-stakeboard1.jpg]
[themesflat.co/html/ecomus/images/collections/collection-stakeboard2.jpg]
[themesflat.co/html/ecomus/images/collections/collection-stakeboard3.jpg]
[themesflat.co/html/ecomus/images/collections/categories-stakeboard1.jpg]
[themesflat.co/html/ecomus/images/collections/categories-stakeboard2.jpg]
[themesflat.co/html/ecomus/images/collections/categories-stakeboard3.jpg]
[themesflat.co/html/ecomus/images/collections/categories-stakeboard4.jpg]
[themesflat.co/html/ecomus/images/collections/categories-stakeboard5.jpg]
[themesflat.co/html/ecomus/images/products/stakeboard-greenblack.jpg]
[themesflat.co/html/ecomus/images/products/stakeboard-yellowblack.jpg]
[themesflat.co/html/ecomus/images/products/stakeboard-blueblack.jpg]
[themesflat.co/html/ecomus/images/products/stakeboard-bluewhite.jpg]
[themesflat.co/html/ecomus/images/products/stakeboard-redblack.jpg]
[themesflat.co/html/ecomus/images/products/stakeboard-whitestriped.jpg]
[themesflat.co/html/ecomus/images/products/stakeboard-blackwhite.jpg]
[themesflat.co/html/ecomus/images/products/stakeboard-black.jpg]
[themesflat.co/html/ecomus/images/products/stakeboard-blackwhite2.jpg]
[themesflat.co/html/ecomus/images/products/stakeboard-lightgreen.jpg]
[themesflat.co/html/ecomus/images/products/stakeboard-orange2.jpg]
[themesflat.co/html/ecomus/images/products/stakeboard-orange.jpg]
[themesflat.co/html/ecomus/images/products/stakeboard-purple.jpg]
[themesflat.co/html/ecomus/images/products/stakeboard-black2.jpg]
[themesflat.co/html/ecomus/images/products/stakeboard-purple2.jpg]
[themesflat.co/html/ecomus/images/products/stakeboard-black3.jpg]
[themesflat.co/html/ecomus/images/collections/banner-wtext-stakeboard.jpg]
[themesflat.co/html/ecomus/images/products/playing-card-1.jpg]
[themesflat.co/html/ecomus/images/products/playing-card-2.jpg]
[themesflat.co/html/ecomus/images/products/skateboard-grind-rail-white.jpg]
[themesflat.co/html/ecomus/images/products/skateboard-grind-rail-light-green.jpg]
[themesflat.co/html/ecomus/images/products/bubble-gum-yellow.jpg]
[themesflat.co/html/ecomus/images/products/bubble-gum-light-green.jpg]
[themesflat.co/html/ecomus/images/products/sunglasses-black.jpg]
[themesflat.co/html/ecomus/images/products/sunglasses-red.jpg]
[themesflat.co/html/ecomus/images/products/sunglasses-blue.jpg]
[themesflat.co/html/ecomus/images/products/skateboards-tool-black.jpg]
[themesflat.co/html/ecomus/images/products/skateboards-tool-red.jpg]
[themesflat.co/html/ecomus/images/products/skateboards-tool-pink.jpg]
[themesflat.co/html/ecomus/images/slider/testimonials-sb.jpg]
[themesflat.co/html/ecomus/home-skateboard.html]
[themesflat.co/html/ecomus/images/slider/slider-stroller-01.jpg]
[themesflat.co/html/ecomus/images/slider/slider-stroller-02.jpg]
[themesflat.co/html/ecomus/images/slider/slider-stroller-03.jpg]
[themesflat.co/html/ecomus/images/collections/cate-stroller-1.jpg]
[themesflat.co/html/ecomus/images/collections/cate-stroller-2.jpg]
[themesflat.co/html/ecomus/images/collections/cate-stroller-3.jpg]
[themesflat.co/html/ecomus/images/collections/cate-stroller-4.jpg]
[themesflat.co/html/ecomus/images/collections/cate-stroller-5.jpg]
[themesflat.co/html/ecomus/images/collections/banner-stroller-1.jpg]
[themesflat.co/html/ecomus/images/collections/banner-stroller-2.jpg]
[themesflat.co/html/ecomus/images/products/stroller-baby-brown.jpg]
[themesflat.co/html/ecomus/images/products/stroller-baby-black.jpg]
[themesflat.co/html/ecomus/images/products/stroller-baby-black2.jpg]
[themesflat.co/html/ecomus/images/products/stroller-baby-darkgreen.jpg]
[themesflat.co/html/ecomus/images/products/stroller-baby-black3.jpg]
[themesflat.co/html/ecomus/images/products/stroller-baby-pink.jpg]
[themesflat.co/html/ecomus/images/products/stroller-baby-yellow.jpg]
[themesflat.co/html/ecomus/images/products/stroller-baby-black4.jpg]
[themesflat.co/html/ecomus/images/products/stroller-baby-grey.jpg]
[themesflat.co/html/ecomus/images/products/stroller-baby-black5.jpg]
[themesflat.co/html/ecomus/images/products/stroller-baby-beige.jpg]
[themesflat.co/html/ecomus/images/products/stroller-baby-darkblue.jpg]
[themesflat.co/html/ecomus/images/shop/store/ourstore-stroller.jpg]
[themesflat.co/html/ecomus/images/shop/store/ourstore-stroller2.jpg]
[themesflat.co/html/ecomus/images/shop/store/ourstore-stroller3.jpg]
[themesflat.co/html/ecomus/images/slider/stroller-testi1.jpg]
[themesflat.co/html/ecomus/images/slider/stroller-testi2.jpg]
[themesflat.co/html/ecomus/home-stroller.html]
[themesflat.co/html/ecomus/images/slider/decor_slideshow1.jpg]
[themesflat.co/html/ecomus/images/slider/decor_slideshow2.jpg]
[themesflat.co/html/ecomus/images/slider/decor_slideshow3.jpg]
[themesflat.co/html/ecomus/images/shop/file/banner-gr-3.jpg]
[themesflat.co/html/ecomus/images/shop/file/banner-gr-4.jpg]
[themesflat.co/html/ecomus/images/products/decor-1.jpg]
[themesflat.co/html/ecomus/images/products/decor-2.jpg]
[themesflat.co/html/ecomus/images/products/decor-3.jpg]
[themesflat.co/html/ecomus/images/products/decor-4.jpg]
[themesflat.co/html/ecomus/images/products/decor-5.jpg]
[themesflat.co/html/ecomus/images/products/decor-6.jpg]
[themesflat.co/html/ecomus/images/products/decor-7.jpg]
[themesflat.co/html/ecomus/images/products/decor-8.jpg]
[themesflat.co/html/ecomus/images/products/decor-9.jpg]
[themesflat.co/html/ecomus/images/products/decor-10.jpg]
[themesflat.co/html/ecomus/images/products/decor-11.jpg]
[themesflat.co/html/ecomus/images/products/decor-12.jpg]
[themesflat.co/html/ecomus/images/products/decor-13.jpg]
[themesflat.co/html/ecomus/images/products/decor-14.jpg]
[themesflat.co/html/ecomus/images/products/decor-15.jpg]
[themesflat.co/html/ecomus/images/products/decor-16.jpg]
[themesflat.co/html/ecomus/images/products/decor-17.jpg]
[themesflat.co/html/ecomus/images/products/decor-18.jpg]
[themesflat.co/html/ecomus/images/products/decor-19.jpg]
[themesflat.co/html/ecomus/images/collections/collection-circle-19.png]
[themesflat.co/html/ecomus/images/collections/collection-circle-20.png]
[themesflat.co/html/ecomus/images/collections/collection-circle-21.png]
[themesflat.co/html/ecomus/images/collections/collection-circle-22.png]
[themesflat.co/html/ecomus/images/collections/collection-circle-23.png]
[themesflat.co/html/ecomus/images/collections/collection-circle-24.png]
[themesflat.co/html/ecomus/images/collections/decor_img1.jpg]
[themesflat.co/html/ecomus/images/collections/decor_img2.jpg]
[themesflat.co/html/ecomus/home-decor.html]
[themesflat.co/html/ecomus/images/slider/Slideshow_Electronics1.jpg]
[themesflat.co/html/ecomus/images/slider/Slideshow_Electronics2.jpg]
[themesflat.co/html/ecomus/images/slider/Slideshow_Electronics3.jpg]
[themesflat.co/html/ecomus/images/collections/electronic-1.jpg]
[themesflat.co/html/ecomus/images/collections/electronic-2.jpg]
[themesflat.co/html/ecomus/images/collections/electronic-3.jpg]
[themesflat.co/html/ecomus/images/collections/electronic-4.png]
[themesflat.co/html/ecomus/images/collections/electronic-5.jpg]
[themesflat.co/html/ecomus/images/collections/banner-collection-3.jpg]
[themesflat.co/html/ecomus/images/collections/electronic-6.jpg]
[themesflat.co/html/ecomus/images/collections/electronic-7.jpg]
[themesflat.co/html/ecomus/images/collections/collection-72.jpg]
[themesflat.co/html/ecomus/images/collections/electronic-8.png]
[themesflat.co/html/ecomus/images/collections/electronic-9.jpg]
[themesflat.co/html/ecomus/images/collections/electronic-10.png]
[themesflat.co/html/ecomus/images/collections/electronic-11.png]
[themesflat.co/html/ecomus/images/collections/electronic-12.png]
[themesflat.co/html/ecomus/images/collections/electronic-13.png]
[themesflat.co/html/ecomus/images/collections/electronic-14.png]
[themesflat.co/html/ecomus/images/collections/electronic-15.png]
[themesflat.co/html/ecomus/images/collections/electronic-16.jpg]
[themesflat.co/html/ecomus/images/collections/electronic-17.jpg]
[themesflat.co/html/ecomus/images/collections/electronic-18.jpg]
[themesflat.co/html/ecomus/images/collections/electronic-19.jpg]
[themesflat.co/html/ecomus/images/blog/electronic-1.jpg]
[themesflat.co/html/ecomus/images/blog/electronic-2.jpg]
[themesflat.co/html/ecomus/images/blog/electronic-3.jpg]
[themesflat.co/html/ecomus/images/blog/electronic-4.jpg]
[themesflat.co/html/ecomus/images/blog/electronic-5.jpg]
[themesflat.co/html/ecomus/images/blog/electronic-6.jpg]
[themesflat.co/html/ecomus/home-electronic.html]
[themesflat.co/html/ecomus/images/slider/setup-gear-1.jpg]
[themesflat.co/html/ecomus/images/slider/setup-gear-2.jpg]
[themesflat.co/html/ecomus/images/slider/setup-gear-3.jpg]
[themesflat.co/html/ecomus/images/collections/setup-gear-1.jpg]
[themesflat.co/html/ecomus/images/collections/setup-gear-2.jpg]
[themesflat.co/html/ecomus/images/collections/setup-gear-3.jpg]
[themesflat.co/html/ecomus/images/collections/setup-gear-4.jpg]
[themesflat.co/html/ecomus/images/collections/setup-gear-5.jpg]
[themesflat.co/html/ecomus/images/collections/setup-gear-6.jpg]
[themesflat.co/html/ecomus/images/products/setup-gear-1.jpg]
[themesflat.co/html/ecomus/images/products/setup-gear-2.jpg]
[themesflat.co/html/ecomus/images/products/setup-gear-3.jpg]
[themesflat.co/html/ecomus/images/products/setup-gear-4.jpg]
[themesflat.co/html/ecomus/images/products/setup-gear-5.jpg]
[themesflat.co/html/ecomus/images/products/setup-gear-6.jpg]
[themesflat.co/html/ecomus/images/products/setup-gear-7.jpg]
[themesflat.co/html/ecomus/images/products/setup-gear-8.jpg]
[themesflat.co/html/ecomus/images/products/setup-gear-9.jpg]
[themesflat.co/html/ecomus/images/products/setup-gear-10.jpg]
[themesflat.co/html/ecomus/images/products/setup-gear-11.jpg]
[themesflat.co/html/ecomus/images/products/setup-gear-12.jpg]
[themesflat.co/html/ecomus/images/products/setup-gear-13.png]
[themesflat.co/html/ecomus/images/products/setup-gear-14.jpg]
[themesflat.co/html/ecomus/images/products/setup-gear-15.jpg]
[themesflat.co/html/ecomus/images/products/setup-gear-16.jpg]
[themesflat.co/html/ecomus/images/products/setup-gear-17.jpg]
[themesflat.co/html/ecomus/images/products/setup-gear-18.jpg]
[themesflat.co/html/ecomus/images/products/setup-gear-19.jpg]
[themesflat.co/html/ecomus/images/shop/file/lookbook-7.jpg]
[themesflat.co/html/ecomus/images/item/setup-gear-1.jpg]
[themesflat.co/html/ecomus/images/item/setup-gear-2.jpg]
[themesflat.co/html/ecomus/images/item/setup-gear-3.png]
[themesflat.co/html/ecomus/images/shop/file/lookbook-8.jpg]
[themesflat.co/html/ecomus/images/shop/file/lookbook-9.jpg]
[themesflat.co/html/ecomus/home-setup-gear.html]
[themesflat.co/html/ecomus/images/slider/dog-1.png]
[themesflat.co/html/ecomus/images/slider/dog-2.jpg]
[themesflat.co/html/ecomus/images/slider/dog-3.jpg]
[themesflat.co/html/ecomus/images/collections/dog-1.jpg]
[themesflat.co/html/ecomus/images/collections/dog-2.jpg]
[themesflat.co/html/ecomus/images/collections/dog-3.jpg]
[themesflat.co/html/ecomus/images/products/dog-1.jpg]
[themesflat.co/html/ecomus/images/products/dog-2.jpg]
[themesflat.co/html/ecomus/images/products/dog-3.jpg]
[themesflat.co/html/ecomus/images/products/dog-4.jpg]
[themesflat.co/html/ecomus/images/products/dog-5.jpg]
[themesflat.co/html/ecomus/images/products/dog-6.jpg]
[themesflat.co/html/ecomus/images/products/dog-7.jpg]
[themesflat.co/html/ecomus/images/products/dog-8.jpg]
[themesflat.co/html/ecomus/images/products/dog-9.jpg]
[themesflat.co/html/ecomus/images/products/dog-10.jpg]
[themesflat.co/html/ecomus/images/products/dog-11.jpg]
[themesflat.co/html/ecomus/images/products/dog-12.jpg]
[themesflat.co/html/ecomus/images/products/dog-13.jpg]
[themesflat.co/html/ecomus/images/collections/dog-9.jpg]
[themesflat.co/html/ecomus/images/collections/dog-4.jpg]
[themesflat.co/html/ecomus/images/collections/dog-5.jpg]
[themesflat.co/html/ecomus/images/collections/dog-6.jpg]
[themesflat.co/html/ecomus/images/collections/dog-7.jpg]
[themesflat.co/html/ecomus/images/collections/dog-8.jpg]
[themesflat.co/html/ecomus/images/shop/file/lookbook-10.jpg]
[themesflat.co/html/ecomus/images/item/pr1.jpg]
[themesflat.co/html/ecomus/images/item/pr7.jpg]
[themesflat.co/html/ecomus/images/item/pr10.jpg]
[themesflat.co/html/ecomus/home-dog-accessories.html]
[themesflat.co/html/ecomus/images/slider/kitchen-wear-1.jpg]
[themesflat.co/html/ecomus/images/slider/kitchen-wear-2.jpg]
[themesflat.co/html/ecomus/images/slider/kitchen-wear-3.jpg]
[themesflat.co/html/ecomus/images/collections/kitchen-wear-1.jpg]
[themesflat.co/html/ecomus/images/collections/kitchen-wear-2.jpg]
[themesflat.co/html/ecomus/images/collections/kitchen-wear-3.jpg]
[themesflat.co/html/ecomus/images/products/kitchen-wear-1.jpg]
[themesflat.co/html/ecomus/images/products/kitchen-wear-2.jpg]
[themesflat.co/html/ecomus/images/products/kitchen-wear-3.jpg]
[themesflat.co/html/ecomus/images/products/kitchen-wear-4.jpg]
[themesflat.co/html/ecomus/images/products/kitchen-wear-5.jpg]
[themesflat.co/html/ecomus/images/products/kitchen-wear-6.jpg]
[themesflat.co/html/ecomus/images/products/kitchen-wear-7.jpg]
[themesflat.co/html/ecomus/images/products/kitchen-wear-8.jpg]
[themesflat.co/html/ecomus/images/products/kitchen-wear-9.jpg]
[themesflat.co/html/ecomus/images/products/kitchen-wear-10.jpg]
[themesflat.co/html/ecomus/images/products/kitchen-wear-11.jpg]
[themesflat.co/html/ecomus/images/products/kitchen-wear-12.jpg]
[themesflat.co/html/ecomus/images/products/kitchen-wear-13.jpg]
[themesflat.co/html/ecomus/images/collections/kitchen-wear-4.png]
[themesflat.co/html/ecomus/images/collections/kitchen-wear-5.jpg]
[themesflat.co/html/ecomus/images/collections/kitchen-wear-6.jpg]
[themesflat.co/html/ecomus/images/collections/kitchen-wear-7.jpg]
[themesflat.co/html/ecomus/images/collections/kitchen-wear-8.jpg]
[themesflat.co/html/ecomus/images/item/lookbook-item-1.jpg]
[themesflat.co/html/ecomus/images/item/lookbook-item-2.jpg]
[themesflat.co/html/ecomus/images/item/lookbook-item-3.jpg]
[themesflat.co/html/ecomus/images/shop/file/lookbook-11.jpg]
[themesflat.co/html/ecomus/images/item/lookbook-item-4.jpg]
[themesflat.co/html/ecomus/images/collections/kitchen-wear-9.jpg]
[themesflat.co/html/ecomus/home-kitchen-wear.html]
[themesflat.co/html/ecomus/images/slider/phonecase-1.jpg]
[themesflat.co/html/ecomus/images/slider/phonecase-2.jpg]
[themesflat.co/html/ecomus/images/slider/phonecase-3.jpg]
[themesflat.co/html/ecomus/images/collections/phonecase-1.jpg]
[themesflat.co/html/ecomus/images/collections/phonecase-2.jpg]
[themesflat.co/html/ecomus/images/collections/phonecase-3.jpg]
[themesflat.co/html/ecomus/images/collections/phonecase-4.jpg]
[themesflat.co/html/ecomus/images/products/phonecase-1.jpg]
[themesflat.co/html/ecomus/images/products/phonecase-2.jpg]
[themesflat.co/html/ecomus/images/products/phonecase-3.jpg]
[themesflat.co/html/ecomus/images/products/phonecase-4.jpg]
[themesflat.co/html/ecomus/images/products/phonecase-5.jpg]
[themesflat.co/html/ecomus/images/products/phonecase-6.jpg]
[themesflat.co/html/ecomus/images/products/phonecase-7.jpg]
[themesflat.co/html/ecomus/images/products/phonecase-8.jpg]
[themesflat.co/html/ecomus/images/products/phonecase-9.jpg]
[themesflat.co/html/ecomus/images/products/phonecase-10.jpg]
[themesflat.co/html/ecomus/images/products/phonecase-11.jpg]
[themesflat.co/html/ecomus/images/products/phonecase-12.jpg]
[themesflat.co/html/ecomus/images/collections/phonecase-5.jpg]
[themesflat.co/html/ecomus/images/collections/phonecase-6.jpg]
[themesflat.co/html/ecomus/images/collections/phonecase-8.jpg]
[themesflat.co/html/ecomus/images/collections/phonecase-7.jpg]
[themesflat.co/html/ecomus/images/collections/phonecase-9.jpg]
[themesflat.co/html/ecomus/images/slider/te12.jpg]
[themesflat.co/html/ecomus/images/slider/te11.jpg]
[themesflat.co/html/ecomus/images/slider/te14.jpg]
[themesflat.co/html/ecomus/images/slider/te13.jpg]
[themesflat.co/html/ecomus/images/slider/te16.jpg]
[themesflat.co/html/ecomus/images/slider/te15.jpg]
[themesflat.co/html/ecomus/images/collections/gallery-image-1.jpg]
[themesflat.co/html/ecomus/images/collections/gallery-image-2.jpg]
[themesflat.co/html/ecomus/images/collections/gallery-image-3.jpg]
[themesflat.co/html/ecomus/images/collections/gallery-image-4.jpg]
[themesflat.co/html/ecomus/images/collections/gallery-image-5.jpg]
[themesflat.co/html/ecomus/images/collections/gallery-image-6.jpg]
[themesflat.co/html/ecomus/images/collections/gallery-image-7.jpg]
[themesflat.co/html/ecomus/home-phonecase.html]
[themesflat.co/html/ecomus/images/slider/paddle-boards-1.jpg]
[themesflat.co/html/ecomus/images/slider/paddle-boards-2.jpg]
[themesflat.co/html/ecomus/images/slider/paddle-boards-3.jpg]
[themesflat.co/html/ecomus/images/products/paddle-boards-7.jpg]
[themesflat.co/html/ecomus/images/products/paddle-boards-1-small.jpg]
[themesflat.co/html/ecomus/images/products/paddle-boards-2-small.jpg]
[themesflat.co/html/ecomus/images/products/paddle-boards-3-small.jpg]
[themesflat.co/html/ecomus/images/products/paddle-boards-4-small.jpg]
[themesflat.co/html/ecomus/images/products/paddle-boards-6.jpg]
[themesflat.co/html/ecomus/images/products/paddle-boards-5.jpg]
[themesflat.co/html/ecomus/images/collections/paddle-boards-1.jpg]
[themesflat.co/html/ecomus/images/collections/paddle-boards-2.jpg]
[themesflat.co/html/ecomus/images/collections/paddle-boards-3.jpg]
[themesflat.co/html/ecomus/images/products/paddle-boards-2.jpg]
[themesflat.co/html/ecomus/images/products/paddle-boards-1.jpg]
[themesflat.co/html/ecomus/images/products/paddle-boards-3.jpg]
[themesflat.co/html/ecomus/images/products/paddle-boards-4.jpg]
[themesflat.co/html/ecomus/images/products/paddle-boards-9.jpg]
[themesflat.co/html/ecomus/images/products/paddle-boards-10.jpg]
[themesflat.co/html/ecomus/images/products/paddle-boards-11.jpg]
[themesflat.co/html/ecomus/images/products/paddle-boards-12.jpg]
[themesflat.co/html/ecomus/images/products/paddle-boards-8.jpg]
[themesflat.co/html/ecomus/images/collections/banner-collection-2.jpg]
[themesflat.co/html/ecomus/images/collections/paddle-boards-4.jpg]
[themesflat.co/html/ecomus/images/collections/paddle-boards-5.jpg]
[themesflat.co/html/ecomus/images/collections/paddle-boards-6.jpg]
[themesflat.co/html/ecomus/images/collections/paddle-boards-7.jpg]
[themesflat.co/html/ecomus/images/collections/paddle-boards-8.jpg]
[themesflat.co/html/ecomus/images/collections/paddle-boards-9.jpg]
[themesflat.co/html/ecomus/home-paddle-boards.html]
[themesflat.co/html/ecomus/images/slider/glasses-1.jpg]
[themesflat.co/html/ecomus/images/slider/glasses-2.jpg]
[themesflat.co/html/ecomus/images/slider/glasses-3.jpg]
[themesflat.co/html/ecomus/images/collections/glasses-1.jpg]
[themesflat.co/html/ecomus/images/collections/glasses-2.jpg]
[themesflat.co/html/ecomus/images/products/glasses-1.jpg]
[themesflat.co/html/ecomus/images/products/glasses-2.jpg]
[themesflat.co/html/ecomus/images/products/glasses-3.jpg]
[themesflat.co/html/ecomus/images/products/glasses-4.jpg]
[themesflat.co/html/ecomus/images/products/glasses-5.jpg]
[themesflat.co/html/ecomus/images/products/glasses-6.jpg]
[themesflat.co/html/ecomus/images/products/glasses-7.jpg]
[themesflat.co/html/ecomus/images/products/glasses-8.jpg]
[themesflat.co/html/ecomus/images/products/glasses-9.jpg]
[themesflat.co/html/ecomus/images/products/glasses-10.jpg]
[themesflat.co/html/ecomus/images/products/glasses-11.jpg]
[themesflat.co/html/ecomus/images/products/glasses-12.jpg]
[themesflat.co/html/ecomus/images/products/glasses-13.jpg]
[themesflat.co/html/ecomus/images/products/glasses-14.jpg]
[themesflat.co/html/ecomus/images/products/glasses-15.jpg]
[themesflat.co/html/ecomus/images/products/glasses-16.jpg]
[themesflat.co/html/ecomus/images/products/glasses-17.jpg]
[themesflat.co/html/ecomus/images/products/glasses-18.jpg]
[themesflat.co/html/ecomus/images/shop/file/banner-gr-5.jpg]
[themesflat.co/html/ecomus/images/shop/file/banner-gr-6.jpg]
[themesflat.co/html/ecomus/images/shop/file/banner-gr-7.jpg]
[themesflat.co/html/ecomus/images/collections/glasses-3.jpg]
[themesflat.co/html/ecomus/images/collections/glasses-4.jpg]
[themesflat.co/html/ecomus/images/collections/glasses-5.jpg]
[themesflat.co/html/ecomus/images/collections/glasses-6.jpg]
[themesflat.co/html/ecomus/images/shop/gallery/gallery-17.jpg]
[themesflat.co/html/ecomus/images/shop/gallery/gallery-18.jpg]
[themesflat.co/html/ecomus/images/shop/gallery/gallery-19.jpg]
[themesflat.co/html/ecomus/images/shop/gallery/gallery-20.jpg]
[themesflat.co/html/ecomus/images/shop/gallery/gallery-21.jpg]
[themesflat.co/html/ecomus/images/shop/gallery/gallery-22.jpg]
[themesflat.co/html/ecomus/images/shop/gallery/gallery-23.jpg]
[themesflat.co/html/ecomus/images/shop/gallery/gallery-24.jpg]
[themesflat.co/html/ecomus/home-glasses.html]
[themesflat.co/html/ecomus/images/slider/pod-store-1.jpg]
[themesflat.co/html/ecomus/images/slider/pod-store-2.jpg]
[themesflat.co/html/ecomus/images/slider/pod-store-3.jpg]
[themesflat.co/html/ecomus/images/slider/pod-store-4.jpg]
[themesflat.co/html/ecomus/images/slider/pod-store-5.jpg]
[themesflat.co/html/ecomus/images/slider/pod-store-6.jpg]
[themesflat.co/html/ecomus/images/collections/collection-circle-25.png]
[themesflat.co/html/ecomus/images/collections/collection-circle-26.png]
[themesflat.co/html/ecomus/images/collections/collection-circle-27.png]
[themesflat.co/html/ecomus/images/collections/collection-circle-28.png]
[themesflat.co/html/ecomus/images/collections/collection-circle-29.png]
[themesflat.co/html/ecomus/images/collections/collection-circle-30.png]
[themesflat.co/html/ecomus/images/collections/pod-store-1.jpg]
[themesflat.co/html/ecomus/images/collections/pod-store-2.jpg]
[themesflat.co/html/ecomus/images/collections/pod-store-3.jpg]
[themesflat.co/html/ecomus/images/collections/pod-store-4.jpg]
[themesflat.co/html/ecomus/images/products/pod-store-1.jpg]
[themesflat.co/html/ecomus/images/products/pod-store-4.jpg]
[themesflat.co/html/ecomus/images/products/pod-store-3.jpg]
[themesflat.co/html/ecomus/images/products/pod-store-5.jpg]
[themesflat.co/html/ecomus/images/products/pod-store-6.jpg]
[themesflat.co/html/ecomus/images/products/pod-store-7.jpg]
[themesflat.co/html/ecomus/images/products/pod-store-8.jpg]
[themesflat.co/html/ecomus/images/products/pod-store-9.jpg]
[themesflat.co/html/ecomus/images/products/pod-store-10.jpg]
[themesflat.co/html/ecomus/images/products/pod-store-11.jpg]
[themesflat.co/html/ecomus/images/products/pod-store-12.jpg]
[themesflat.co/html/ecomus/images/products/pod-store-13.jpg]
[themesflat.co/html/ecomus/images/products/pod-store-14.jpg]
[themesflat.co/html/ecomus/images/products/pod-store-15.jpg]
[themesflat.co/html/ecomus/images/collections/pod-store-5.jpg]
[themesflat.co/html/ecomus/images/collections/pod-store-6.jpg]
[themesflat.co/html/ecomus/images/collections/pod-store-7.jpg]
[themesflat.co/html/ecomus/images/slider/pod-store-bg.jpg]
[themesflat.co/html/ecomus/images/products/pod-store-16.jpg]
[themesflat.co/html/ecomus/images/products/pod-store-17.png]
[themesflat.co/html/ecomus/images/products/pod-store-18.jpg]
[themesflat.co/html/ecomus/images/products/pod-store-19.jpg]
[themesflat.co/html/ecomus/images/products/pod-store-20.jpg]
[themesflat.co/html/ecomus/images/products/pod-store-21.jpg]
[themesflat.co/html/ecomus/images/products/pod-store-22.jpg]
[themesflat.co/html/ecomus/images/products/pod-store-23.jpg]
[themesflat.co/html/ecomus/images/products/pod-store-24.jpg]
[themesflat.co/html/ecomus/images/products/pod-store-25.jpg]
[themesflat.co/html/ecomus/home-pod-store.html]
[themesflat.co/html/ecomus/images/slider/slider-activewear-1.jpg]
[themesflat.co/html/ecomus/images/slider/slider-activewear-2.jpg]
[themesflat.co/html/ecomus/images/slider/slider-activewear-3.jpg]
[themesflat.co/html/ecomus/images/collections/cls-activewear1.jpg]
[themesflat.co/html/ecomus/images/collections/cls-activewear2.jpg]
[themesflat.co/html/ecomus/images/collections/cls-activewear3.jpg]
[themesflat.co/html/ecomus/images/products/brown-11.jpg]
[themesflat.co/html/ecomus/images/products/brown-12.jpg]
[themesflat.co/html/ecomus/images/products/black-24.jpg]
[themesflat.co/html/ecomus/images/products/pink-4.jpg]
[themesflat.co/html/ecomus/images/products/purple-2.jpg]
[themesflat.co/html/ecomus/images/products/blue-5.jpg]
[themesflat.co/html/ecomus/images/products/blue-6.jpg]
[themesflat.co/html/ecomus/images/products/black-25.jpg]
[themesflat.co/html/ecomus/images/products/red.jpg]
[themesflat.co/html/ecomus/images/products/brown-13.jpg]
[themesflat.co/html/ecomus/images/products/white-17.jpg]
[themesflat.co/html/ecomus/images/products/white-18.jpg]
[themesflat.co/html/ecomus/images/products/green-2.jpg]
[themesflat.co/html/ecomus/images/products/black-26.jpg]
[themesflat.co/html/ecomus/images/products/pink-5.jpg]
[themesflat.co/html/ecomus/images/products/grey-3.jpg]
[themesflat.co/html/ecomus/images/products/grey-4.jpg]
[themesflat.co/html/ecomus/images/products/green-3.jpg]
[themesflat.co/html/ecomus/images/products/black-27.jpg]
[themesflat.co/html/ecomus/images/products/light-green-6.jpg]
[themesflat.co/html/ecomus/images/products/white-19.jpg]
[themesflat.co/html/ecomus/images/products/white-20.jpg]
[themesflat.co/html/ecomus/images/products/black-28.jpg]
[themesflat.co/html/ecomus/images/products/brown-14.jpg]
[themesflat.co/html/ecomus/images/products/green-4.jpg]
[themesflat.co/html/ecomus/images/products/black-29.jpg]
[themesflat.co/html/ecomus/images/products/black-30.jpg]
[themesflat.co/html/ecomus/images/products/green-5.jpg]
[themesflat.co/html/ecomus/images/products/blue-7.jpg]
[themesflat.co/html/ecomus/images/products/light-blue-4.jpg]
[themesflat.co/html/ecomus/images/slider/banner-countdown-2.png]
[themesflat.co/html/ecomus/images/products/brown-15.jpg]
[themesflat.co/html/ecomus/images/products/sports-clothing-2.jpg]
[themesflat.co/html/ecomus/images/products/green-6.jpg]
[themesflat.co/html/ecomus/images/products/sports-clothing.jpg]
[themesflat.co/html/ecomus/images/products/sports-clothing-3.jpg]
[themesflat.co/html/ecomus/images/products/sports-clothing-4.jpg]
[themesflat.co/html/ecomus/images/products/black-31.jpg]
[themesflat.co/html/ecomus/images/products/blue-8.jpg]
[themesflat.co/html/ecomus/images/products/brown-16.jpg]
[themesflat.co/html/ecomus/images/products/sports-clothing-6.jpg]
[themesflat.co/html/ecomus/images/products/sports-clothing-5.jpg]
[themesflat.co/html/ecomus/images/products/grey-5.jpg]
[themesflat.co/html/ecomus/images/products/brown-17.jpg]
[themesflat.co/html/ecomus/images/products/light-blue-5.jpg]
[themesflat.co/html/ecomus/images/products/sports-clothing-7.jpg]
[themesflat.co/html/ecomus/images/products/sports-clothing-8.jpg]
[themesflat.co/html/ecomus/images/products/white-21.jpg]
[themesflat.co/html/ecomus/images/products/brown-18.jpg]
[themesflat.co/html/ecomus/images/products/black-32.jpg]
[themesflat.co/html/ecomus/images/products/t-shirt-15.jpg]
[themesflat.co/html/ecomus/images/products/t-shirt-16.jpg]
[themesflat.co/html/ecomus/images/products/white-22.jpg]
[themesflat.co/html/ecomus/images/products/green-7.jpg]
[themesflat.co/html/ecomus/images/products/brown-19.jpg]
[themesflat.co/html/ecomus/images/shop/file/lb-activewear.jpg]
[themesflat.co/html/ecomus/images/collections/banner-collection-activewear.jpg]
[themesflat.co/html/ecomus/images/item/tes-wear1.jpg]
[themesflat.co/html/ecomus/images/item/tes-wear2.jpg]
[themesflat.co/html/ecomus/images/item/tes-wear3.jpg]
[themesflat.co/html/ecomus/images/item/tes-wear4.jpg]
[themesflat.co/html/ecomus/images/shop/gallery/activewear-gallery1.jpg]
[themesflat.co/html/ecomus/images/shop/gallery/activewear-gallery2.jpg]
[themesflat.co/html/ecomus/images/shop/gallery/activewear-gallery3.jpg]
[themesflat.co/html/ecomus/images/shop/gallery/activewear-gallery4.jpg]
[themesflat.co/html/ecomus/images/shop/gallery/activewear-gallery5.jpg]
[themesflat.co/html/ecomus/images/shop/gallery/activewear-gallery6.jpg]
[themesflat.co/html/ecomus/home-activewear.html]
[themesflat.co/html/ecomus/images/slider/slideshow-handbag-1.jpg]
[themesflat.co/html/ecomus/images/slider/slideshow-handbag-2.jpg]
[themesflat.co/html/ecomus/images/slider/slideshow-handbag-3.jpg]
[themesflat.co/html/ecomus/images/item/thumb-brand1.png]
[themesflat.co/html/ecomus/images/item/thumb-brand2.png]
[themesflat.co/html/ecomus/images/item/thumb-brand3.png]
[themesflat.co/html/ecomus/images/collections/cls-handbag1.jpg]
[themesflat.co/html/ecomus/images/collections/cls-handbag2.jpg]
[themesflat.co/html/ecomus/images/collections/cls-handbag3.jpg]
[themesflat.co/html/ecomus/images/collections/cls-handbag4.jpg]
[themesflat.co/html/ecomus/images/products/green-handbag-1.jpg]
[themesflat.co/html/ecomus/images/products/green-handbag-2.jpg]
[themesflat.co/html/ecomus/images/products/brown-handbag-1.jpg]
[themesflat.co/html/ecomus/images/products/brown-handbag-2.jpg]
[themesflat.co/html/ecomus/images/products/pink-handbag-1.jpg]
[themesflat.co/html/ecomus/images/products/pink-handbag-2.jpg]
[themesflat.co/html/ecomus/images/collections/banner-collection-handbag1.jpg]
[themesflat.co/html/ecomus/images/collections/banner-collection-handbag2.jpg]
[themesflat.co/html/ecomus/images/slider/bg_lookbook.jpg]
[themesflat.co/html/ecomus/images/shop/gallery/handbag-gallery-1.jpg]
[themesflat.co/html/ecomus/images/shop/gallery/handbag-gallery-2.jpg]
[themesflat.co/html/ecomus/images/shop/gallery/handbag-gallery-3.jpg]
[themesflat.co/html/ecomus/images/shop/gallery/handbag-gallery-4.jpg]
[themesflat.co/html/ecomus/images/shop/gallery/handbag-gallery-5.jpg]
[themesflat.co/html/ecomus/home-handbag.html]
[themesflat.co/html/ecomus/images/slider/slideshow1_tee.jpg]
[themesflat.co/html/ecomus/images/slider/slideshow2_tee.jpg]
[themesflat.co/html/ecomus/images/slider/slideshow3_tee.jpg]
[themesflat.co/html/ecomus/images/collections/cls_tee1.jpg]
[themesflat.co/html/ecomus/images/collections/cls_tee2.jpg]
[themesflat.co/html/ecomus/images/collections/cls_tee3.jpg]
[themesflat.co/html/ecomus/images/slider/tee-banner-collection.jpg]
[themesflat.co/html/ecomus/images/products/t-shirt.jpg]
[themesflat.co/html/ecomus/images/products/t-shirt-2.jpg]
[themesflat.co/html/ecomus/images/products/t-shirt-3.jpg]
[themesflat.co/html/ecomus/images/products/t-shirt-4.jpg]
[themesflat.co/html/ecomus/images/products/t-shirt-7.jpg]
[themesflat.co/html/ecomus/images/products/t-shirt-8.jpg]
[themesflat.co/html/ecomus/images/products/hat.jpg]
[themesflat.co/html/ecomus/images/products/hat-2.jpg]
[themesflat.co/html/ecomus/images/products/men-hoodie-3.jpg]
[themesflat.co/html/ecomus/images/products/men-hoodie-4.jpg]
[themesflat.co/html/ecomus/images/products/t-shirt-9.jpg]
[themesflat.co/html/ecomus/images/products/t-shirt-10.jpg]
[themesflat.co/html/ecomus/images/products/t-shirt-5.jpg]
[themesflat.co/html/ecomus/images/products/t-shirt-6.jpg]
[themesflat.co/html/ecomus/images/products/men-hoodie.jpg]
[themesflat.co/html/ecomus/images/products/men-hoodie-2.jpg]
[themesflat.co/html/ecomus/images/products/men-hoodie-5.jpg]
[themesflat.co/html/ecomus/images/products/men-hoodie-6.jpg]
[themesflat.co/html/ecomus/images/products/t-shirt-11.jpg]
[themesflat.co/html/ecomus/images/products/t-shirt-12.jpg]
[themesflat.co/html/ecomus/images/products/t-shirt-13.jpg]
[themesflat.co/html/ecomus/images/products/t-shirt-14.jpg]
[themesflat.co/html/ecomus/images/products/men-hoodie-7.jpg]
[themesflat.co/html/ecomus/images/products/men-hoodie-8.jpg]
[themesflat.co/html/ecomus/images/slider/image_bg_testimonials-tee.jpg]
[themesflat.co/html/ecomus/images/shop/gallery/tee-gallery-1.jpg]
[themesflat.co/html/ecomus/images/shop/gallery/tee-gallery-2.jpg]
[themesflat.co/html/ecomus/images/shop/gallery/tee-gallery-3.jpg]
[themesflat.co/html/ecomus/images/shop/gallery/tee-gallery-4.jpg]
[themesflat.co/html/ecomus/images/shop/gallery/tee-gallery-5.jpg]
[themesflat.co/html/ecomus/images/shop/gallery/tee-gallery-6.jpg]
[themesflat.co/html/ecomus/images/shop/gallery/tee-gallery-7.jpg]
[themesflat.co/html/ecomus/images/shop/gallery/tee-gallery-8.jpg]
[themesflat.co/html/ecomus/home-tee.html]
[themesflat.co/html/ecomus/images/slider/slideshow-sock1.png]
[themesflat.co/html/ecomus/images/slider/slideshow1-sock-mb.jpg]
[themesflat.co/html/ecomus/images/slider/slideshow-sock2.png]
[themesflat.co/html/ecomus/images/slider/slideshow2-sock-mb.jpg]
[themesflat.co/html/ecomus/images/slider/slideshow-sock3.png]
[themesflat.co/html/ecomus/images/slider/slideshow3-sock-mb.jpg]
[themesflat.co/html/ecomus/images/collections/cls-sock.jpg]
[themesflat.co/html/ecomus/images/collections/cls-sock2.jpg]
[themesflat.co/html/ecomus/images/products/sock1.jpg]
[themesflat.co/html/ecomus/images/products/sock2.jpg]
[themesflat.co/html/ecomus/images/products/sock3.jpg]
[themesflat.co/html/ecomus/images/products/sock4.jpg]
[themesflat.co/html/ecomus/images/products/sock5.jpg]
[themesflat.co/html/ecomus/images/products/sock6.jpg]
[themesflat.co/html/ecomus/images/products/sock7.jpg]
[themesflat.co/html/ecomus/images/products/sock8.jpg]
[themesflat.co/html/ecomus/images/products/sock9.jpg]
[themesflat.co/html/ecomus/images/products/sock10.jpg]
[themesflat.co/html/ecomus/images/products/sock11.jpg]
[themesflat.co/html/ecomus/images/products/sock12.jpg]
[themesflat.co/html/ecomus/images/products/sock13.jpg]
[themesflat.co/html/ecomus/images/products/sock14.jpg]
[themesflat.co/html/ecomus/images/products/sock15.jpg]
[themesflat.co/html/ecomus/images/products/sock16.jpg]
[themesflat.co/html/ecomus/images/slider/banner_image_sock.jpg]
[themesflat.co/html/ecomus/images/collections/cls-sock3.jpg]
[themesflat.co/html/ecomus/images/collections/cls-sock4.jpg]
[themesflat.co/html/ecomus/images/collections/cls-sock5.jpg]
[themesflat.co/html/ecomus/images/collections/cls-sock6.jpg]
[themesflat.co/html/ecomus/images/item/test-sock.jpg]
[themesflat.co/html/ecomus/images/item/dot-test-sock.jpg]
[themesflat.co/html/ecomus/images/item/test-sock2.jpg]
[themesflat.co/html/ecomus/images/shop/gallery/sock-gallery1.jpg]
[themesflat.co/html/ecomus/images/shop/gallery/sock-gallery2.jpg]
[themesflat.co/html/ecomus/images/shop/gallery/sock-gallery3.jpg]
[themesflat.co/html/ecomus/images/shop/gallery/sock-gallery4.jpg]
[themesflat.co/html/ecomus/images/shop/gallery/sock-gallery5.jpg]
[themesflat.co/html/ecomus/home-sock.html]
[themesflat.co/html/ecomus/images/slider/jewerly-1.jpg]
[themesflat.co/html/ecomus/images/slider/jewerly-2.jpg]
[themesflat.co/html/ecomus/images/slider/jewerly-3.jpg]
[themesflat.co/html/ecomus/images/collections/jewerly-1.jpg]
[themesflat.co/html/ecomus/images/collections/jewerly-2.jpg]
[themesflat.co/html/ecomus/images/collections/jewerly-3.jpg]
[themesflat.co/html/ecomus/images/collections/jewerly-4.jpg]
[themesflat.co/html/ecomus/images/collections/jewerly-5.jpg]
[themesflat.co/html/ecomus/images/collections/jewerly-6.jpg]
[themesflat.co/html/ecomus/images/collections/jewerly-7.jpg]
[themesflat.co/html/ecomus/images/products/jewerly-1.jpg]
[themesflat.co/html/ecomus/images/products/jewerly-2.jpg]
[themesflat.co/html/ecomus/images/products/jewerly-3.jpg]
[themesflat.co/html/ecomus/images/products/jewerly-4.jpg]
[themesflat.co/html/ecomus/images/products/jewerly-5.jpg]
[themesflat.co/html/ecomus/images/products/jewerly-6.jpg]
[themesflat.co/html/ecomus/images/products/jewerly-7.jpg]
[themesflat.co/html/ecomus/images/products/jewerly-8.jpg]
[themesflat.co/html/ecomus/images/products/jewerly-9.jpg]
[themesflat.co/html/ecomus/images/products/jewerly-10.jpg]
[themesflat.co/html/ecomus/images/collections/jewerly-8.jpg]
[themesflat.co/html/ecomus/images/collections/jewerly-9.jpg]
[themesflat.co/html/ecomus/images/collections/jewerly-10.jpg]
[themesflat.co/html/ecomus/images/collections/jewerly-11.jpg]
[themesflat.co/html/ecomus/images/collections/jewerly-12.jpg]
[themesflat.co/html/ecomus/images/collections/jewerly-13.jpg]
[themesflat.co/html/ecomus/images/slider/jewerly-4.jpg]
[themesflat.co/html/ecomus/images/slider/video-jewerly.mp4]
[themesflat.co/html/ecomus/home-jewerly.html]
[themesflat.co/html/ecomus/images/slider/sneaker-1.jpg]
[themesflat.co/html/ecomus/images/slider/sneaker-2.jpg]
[themesflat.co/html/ecomus/images/slider/sneaker-3.jpg]
[themesflat.co/html/ecomus/images/collections/sneaker-1.jpg]
[themesflat.co/html/ecomus/images/collections/sneaker-2.jpg]
[themesflat.co/html/ecomus/images/collections/sneaker-3.jpg]
[themesflat.co/html/ecomus/images/collections/sneaker-4.jpg]
[themesflat.co/html/ecomus/images/collections/sneaker-5.jpg]
[themesflat.co/html/ecomus/images/collections/sneaker-6.jpg]
[themesflat.co/html/ecomus/images/collections/sneaker-7.jpg]
[themesflat.co/html/ecomus/images/collections/sneaker-8.jpg]
[themesflat.co/html/ecomus/images/products/sneaker-3.png]
[themesflat.co/html/ecomus/images/products/sneaker-4.png]
[themesflat.co/html/ecomus/images/products/sneaker-5.png]
[themesflat.co/html/ecomus/images/products/sneaker-6.png]
[themesflat.co/html/ecomus/images/products/sneaker-7.jpg]
[themesflat.co/html/ecomus/images/products/sneaker-8.jpg]
[themesflat.co/html/ecomus/images/products/sneaker-9.png]
[themesflat.co/html/ecomus/images/products/sneaker-10.png]
[themesflat.co/html/ecomus/images/collections/sneaker-lb.jpg]
[themesflat.co/html/ecomus/images/products/sneaker-2.jpg]
[themesflat.co/html/ecomus/images/products/sneaker-1.png]
[themesflat.co/html/ecomus/images/collections/banner-sneaker-1.jpg]
[themesflat.co/html/ecomus/images/collections/banner-sneaker-2.jpg]
[themesflat.co/html/ecomus/images/slider/bg-sneaker.jpg]
[themesflat.co/html/ecomus/home-sneaker.html]
[themesflat.co/html/ecomus/images/slider/accessories2_slideshow1.jpg]
[themesflat.co/html/ecomus/images/slider/accessories2_slideshow2.jpg]
[themesflat.co/html/ecomus/images/slider/accessories2_slideshow3.jpg]
[themesflat.co/html/ecomus/images/products/bark-phone-blue.jpg]
[themesflat.co/html/ecomus/images/products/bark-phone-blue2.jpg]
[themesflat.co/html/ecomus/images/products/bark-phone-black.jpg]
[themesflat.co/html/ecomus/images/products/bark-phone-orange.jpg]
[themesflat.co/html/ecomus/images/products/bark-phone-green.jpg]
[themesflat.co/html/ecomus/images/products/bark-phone-light-brown.jpg]
[themesflat.co/html/ecomus/images/products/cable-black.jpg]
[themesflat.co/html/ecomus/images/products/cable-black2.jpg]
[themesflat.co/html/ecomus/images/products/cable-white.jpg]
[themesflat.co/html/ecomus/images/products/cable-cream.jpg]
[themesflat.co/html/ecomus/images/products/cable-grey.jpg]
[themesflat.co/html/ecomus/images/products/headphone-white.jpg]
[themesflat.co/html/ecomus/images/products/headphone-red.jpg]
[themesflat.co/html/ecomus/images/products/headphone-red2.jpg]
[themesflat.co/html/ecomus/images/products/headphone-black.jpg]
[themesflat.co/html/ecomus/images/products/albert-black.jpg]
[themesflat.co/html/ecomus/images/products/albert-white.jpg]
[themesflat.co/html/ecomus/images/products/albert-orange.jpg]
[themesflat.co/html/ecomus/images/products/albert-white2.jpg]
[themesflat.co/html/ecomus/images/products/wireless-charging-white.jpg]
[themesflat.co/html/ecomus/images/products/wireless-charging-black.jpg]
[themesflat.co/html/ecomus/images/products/cable-black3.jpg]
[themesflat.co/html/ecomus/images/products/cable-white2.jpg]
[themesflat.co/html/ecomus/images/products/cable-white3.jpg]
[themesflat.co/html/ecomus/images/collections/accessories2_b1.jpg]
[themesflat.co/html/ecomus/images/collections/accessories2_b2.jpg]
[themesflat.co/html/ecomus/images/products/wireless-charging-black2.jpg]
[themesflat.co/html/ecomus/images/products/wireless-charging-white3.jpg]
[themesflat.co/html/ecomus/images/products/wireless-charging-white2.jpg]
[themesflat.co/html/ecomus/images/slider/accessories-tes1.png]
[themesflat.co/html/ecomus/images/slider/accessories-tes2.png]
[themesflat.co/html/ecomus/images/shop/gallery/accessories-gallery1.jpg]
[themesflat.co/html/ecomus/images/shop/gallery/accessories-gallery2.jpg]
[themesflat.co/html/ecomus/images/shop/gallery/accessories-gallery3.jpg]
[themesflat.co/html/ecomus/images/shop/gallery/accessories-gallery4.jpg]
[themesflat.co/html/ecomus/images/shop/gallery/accessories-gallery5.jpg]
[themesflat.co/html/ecomus/images/shop/gallery/accessories-gallery6.jpg]
[themesflat.co/html/ecomus/images/shop/gallery/accessories-gallery7.jpg]
[themesflat.co/html/ecomus/images/shop/gallery/accessories-gallery8.jpg]
[themesflat.co/html/ecomus/home-accessories.html]
[themesflat.co/html/ecomus/order-tracking.html]
[themesflat.co/html/ecomus/images/item/search-grocey1.jpg]
[themesflat.co/html/ecomus/images/item/search-grocey2.jpg]
[themesflat.co/html/ecomus/images/item/search-grocey3.jpg]
[themesflat.co/html/ecomus/images/item/search-grocey4.jpg]
[themesflat.co/html/ecomus/images/item/search-grocey5.jpg]
[themesflat.co/html/ecomus/images/slider/slide-gocery1.jpg]
[themesflat.co/html/ecomus/images/slider/slide-gocery2.jpg]
[themesflat.co/html/ecomus/images/slider/slide-gocery3.jpg]
[themesflat.co/html/ecomus/images/collections/vegetable.png]
[themesflat.co/html/ecomus/images/collections/dairy.png]
[themesflat.co/html/ecomus/images/collections/package-foods.png]
[themesflat.co/html/ecomus/images/collections/beverage.png]
[themesflat.co/html/ecomus/images/collections/meat.png]
[themesflat.co/html/ecomus/images/collections/fruit.png]
[themesflat.co/html/ecomus/images/collections/banner-collection-grocery.jpg]
[themesflat.co/html/ecomus/images/collections/banner-collection-grocery2.jpg]
[themesflat.co/html/ecomus/images/products/grocery-1.jpg]
[themesflat.co/html/ecomus/images/products/grocery-2.jpg]
[themesflat.co/html/ecomus/images/products/grocery-3.jpg]
[themesflat.co/html/ecomus/images/products/grocery-4.jpg]
[themesflat.co/html/ecomus/images/products/grocery-5.jpg]
[themesflat.co/html/ecomus/images/products/grocery-6.jpg]
[themesflat.co/html/ecomus/images/products/vegetable1.jpg]
[themesflat.co/html/ecomus/images/products/vegetable2.jpg]
[themesflat.co/html/ecomus/images/products/fruits.jpg]
[themesflat.co/html/ecomus/images/products/fruits2.jpg]
[themesflat.co/html/ecomus/images/products/meat1.jpg]
[themesflat.co/html/ecomus/images/products/meat2.jpg]
[themesflat.co/html/ecomus/images/products/fruits3.jpg]
[themesflat.co/html/ecomus/images/products/fruits4.jpg]
[themesflat.co/html/ecomus/images/products/fruits5.jpg]
[themesflat.co/html/ecomus/images/products/fruits6.jpg]
[themesflat.co/html/ecomus/images/products/milk.jpg]
[themesflat.co/html/ecomus/images/products/milk2.jpg]
[themesflat.co/html/ecomus/images/products/fish.jpg]
[themesflat.co/html/ecomus/images/products/fish2.jpg]
[themesflat.co/html/ecomus/images/products/vegetable3.jpg]
[themesflat.co/html/ecomus/images/products/vegetable4.jpg]
[themesflat.co/html/ecomus/images/collections/img-w-text-grocery1.jpg]
[themesflat.co/html/ecomus/images/collections/img-w-text-grocery2.jpg]
[themesflat.co/html/ecomus/images/collections/img-w-text-grocery3.jpg]
[themesflat.co/html/ecomus/home-grocery.html]
[themesflat.co/html/ecomus/images/slider/baby-slide1.jpg]
[themesflat.co/html/ecomus/images/slider/baby-slide2.jpg]
[themesflat.co/html/ecomus/images/slider/baby-slide3.jpg]
[themesflat.co/html/ecomus/images/collections/banner1-bb.jpg]
[themesflat.co/html/ecomus/images/collections/banner2-bb.jpg]
[themesflat.co/html/ecomus/images/collections/banner3-bb.jpg]
[themesflat.co/html/ecomus/images/products/kid-3.jpg]
[themesflat.co/html/ecomus/images/products/kid-4.jpg]
[themesflat.co/html/ecomus/images/products/kid-1.jpg]
[themesflat.co/html/ecomus/images/products/kid-2.jpg]
[themesflat.co/html/ecomus/images/products/stroller-baby-white.jpg]
[themesflat.co/html/ecomus/images/products/nes-pink.jpg]
[themesflat.co/html/ecomus/images/products/nes-white.jpg]
[themesflat.co/html/ecomus/images/collections/circle-bb1.jpg]
[themesflat.co/html/ecomus/images/collections/circle-bb2.jpg]
[themesflat.co/html/ecomus/images/collections/circle-bb3.jpg]
[themesflat.co/html/ecomus/images/collections/circle-bb4.jpg]
[themesflat.co/html/ecomus/images/collections/circle-bb5.jpg]
[themesflat.co/html/ecomus/images/collections/banner-cls-baby1.jpg]
[themesflat.co/html/ecomus/images/collections/banner-cls-baby2.jpg]
[themesflat.co/html/ecomus/images/products/kid-5.jpg]
[themesflat.co/html/ecomus/images/products/kid-6.jpg]
[themesflat.co/html/ecomus/images/products/stroller-baby-kaki2.jpg]
[themesflat.co/html/ecomus/images/products/kid-9.jpg]
[themesflat.co/html/ecomus/images/products/kid-10.jpg]
[themesflat.co/html/ecomus/images/products/kid-7.jpg]
[themesflat.co/html/ecomus/images/products/kid-8.jpg]
[themesflat.co/html/ecomus/home-baby.html]
[themesflat.co/html/ecomus/home-search.html]
[themesflat.co/html/ecomus/register.html]
[themesflat.co/html/ecomus/fonts/icomoon5811.svg]
[themesflat.co/html/ecomus/css/bootstrap-select.min.css]
[themesflat.co/html/ecomus/images/item/cursor-close.svg]
[themesflat.co/html/ecomus/images/slider/men-slide1.jpg]
[themesflat.co/html/ecomus/images/products/lb-men-1.jpg]
[themesflat.co/html/ecomus/images/slider/men-slide2.jpg]
[themesflat.co/html/ecomus/images/products/lb-men-2.jpg]
[themesflat.co/html/ecomus/images/collections/men_cls1.jpg]
[themesflat.co/html/ecomus/images/collections/men_cls2.jpg]
[themesflat.co/html/ecomus/images/collections/men_cls3.jpg]
[themesflat.co/html/ecomus/images/collections/men_cls4.jpg]
[themesflat.co/html/ecomus/images/slider/men_hero1.jpg]
[themesflat.co/html/ecomus/images/products/black-18.jpg]
[themesflat.co/html/ecomus/images/products/black-19.jpg]
[themesflat.co/html/ecomus/images/products/white-13.jpg]
[themesflat.co/html/ecomus/images/products/black-20.jpg]
[themesflat.co/html/ecomus/images/products/black-21.jpg]
[themesflat.co/html/ecomus/images/products/taupe-1.jpg]
[themesflat.co/html/ecomus/images/products/white-14.jpg]
[themesflat.co/html/ecomus/images/products/white-15.jpg]
[themesflat.co/html/ecomus/images/products/black-23.jpg]
[themesflat.co/html/ecomus/images/products/black-22.jpg]
[themesflat.co/html/ecomus/images/products/white-16.jpg]
[themesflat.co/html/ecomus/images/products/blue-4.jpg]
[themesflat.co/html/ecomus/images/blog/blog-10.jpg]
[themesflat.co/html/ecomus/images/blog/blog-11.jpg]
[themesflat.co/html/ecomus/images/blog/blog-12.jpg]
[themesflat.co/html/ecomus/home-men.html]
[themesflat.co/html/ecomus/images/slider/kid_slideshow_1.jpg]
[themesflat.co/html/ecomus/images/slider/kid_slideshow_2.jpg]
[themesflat.co/html/ecomus/images/slider/kid_slideshow_3.jpg]
[themesflat.co/html/ecomus/images/products/kid-14.jpg]
[themesflat.co/html/ecomus/images/products/kid-11.jpg]
[themesflat.co/html/ecomus/images/products/kid-13.jpg]
[themesflat.co/html/ecomus/images/collections/kid_bn1.jpg]
[themesflat.co/html/ecomus/images/collections/kid_bn2.jpg]
[themesflat.co/html/ecomus/images/collections/kid_bn4.jpg]
[themesflat.co/html/ecomus/images/products/kid-15.jpg]
[themesflat.co/html/ecomus/images/collections/kid_cls_1.jpg]
[themesflat.co/html/ecomus/images/collections/kid_lb1.jpg]
[themesflat.co/html/ecomus/images/shop/gallery/kid_gallery_1.jpg]
[themesflat.co/html/ecomus/images/shop/gallery/kid_gallery_2.jpg]
[themesflat.co/html/ecomus/images/shop/gallery/kid_gallery_3.jpg]
[themesflat.co/html/ecomus/images/shop/gallery/kid_gallery_4.jpg]
[themesflat.co/html/ecomus/images/shop/gallery/kid_gallery_5.jpg]
[themesflat.co/html/ecomus/images/shop/gallery/kid_gallery_6.jpg]
[themesflat.co/html/ecomus/home-kids.html]
[themesflat.co/html/ecomus/images/logo/women-logo.svg]
[themesflat.co/html/ecomus/images/logo/logo-white.svg]
[themesflat.co/html/ecomus/css/drift-basic.min.css]
[themesflat.co/html/ecomus/css/photoswipe.css]
[themesflat.co/html/ecomus/images/shop/file/banner_giftcard_001.svg]
[themesflat.co/html/ecomus/images/item/compare.svg]
[themesflat.co/html/ecomus/images/shop/products/preview_images/dance-bag_3d.html]
[themesflat.co/html/ecomus/images/item/404.svg]
[themesflat.co/html/ecomus/images/logo/logo-blue.svg]
[themesflat.co/html/ecomus/images/collections/cable.svg]
[themesflat.co/html/ecomus/images/collections/screen-protection.svg]
[themesflat.co/html/ecomus/images/collections/chargers.svg]
[themesflat.co/html/ecomus/images/collections/audio.svg]
[themesflat.co/html/ecomus/images/collections/wireless-chargers.svg]
[themesflat.co/html/ecomus/images/collections/magSafe.svg]
[themesflat.co/html/ecomus/images/collections/gaming.svg]
[themesflat.co/html/ecomus/images/collections/storage.svg]
[themesflat.co/html/ecomus/images/brand/dyson.svg]
[themesflat.co/html/ecomus/images/brand/sony.svg]
[themesflat.co/html/ecomus/images/brand/samsung.svg]
[themesflat.co/html/ecomus/images/brand/oneplus.svg]
[themesflat.co/html/ecomus/images/brand/monster.svg]
[themesflat.co/html/ecomus/images/brand/sonos.svg]
[themesflat.co/html/ecomus/images/logo/logo-blue2.svg]
[themesflat.co/html/ecomus/images/logo/ecomus_men.svg]
[themesflat.co/html/ecomus/images/logo/ecomus_kids.svg]
[themesflat.co/html/ecomus/order-tracking.html]
[themesflat.co/html/ecomus/order-tracking.html]
[themesflat.co/html/ecomus/order-tracking.html]
